Archive member included to satisfy reference by file (symbol)

/Applications/ArmGNUToolchain/13.2.Rel1/arm-none-eabi/bin/../lib/gcc/arm-none-eabi/13.2.1/../../../../arm-none-eabi/lib/thumb/v6-m/nofp/libm.a(libm_a-s_modf.o)
                              CMakeFiles/assign02.dir/assign02.c.obj (modf)
/Applications/ArmGNUToolchain/13.2.Rel1/arm-none-eabi/bin/../lib/gcc/arm-none-eabi/13.2.1/../../../../arm-none-eabi/lib/thumb/v6-m/nofp/libm.a(libm_a-s_fpclassify.o)
                              /Applications/ArmGNUToolchain/13.2.Rel1/arm-none-eabi/bin/../lib/gcc/arm-none-eabi/13.2.1/../../../../arm-none-eabi/lib/thumb/v6-m/nofp/libm.a(libm_a-s_modf.o) (__fpclassifyd)
/Applications/ArmGNUToolchain/13.2.Rel1/arm-none-eabi/bin/../lib/gcc/arm-none-eabi/13.2.1/thumb/v6-m/nofp/libgcc.a(_dvmd_tls.o)
                              CMakeFiles/assign02.dir/Users/evachauffour/pico/pico-sdk/src/rp2_common/pico_divider/divider.S.obj (__aeabi_idiv0)
/Applications/ArmGNUToolchain/13.2.Rel1/arm-none-eabi/bin/../lib/gcc/arm-none-eabi/13.2.1/../../../../arm-none-eabi/lib/thumb/v6-m/nofp/libg.a(libc_a-calloc.o)
                              CMakeFiles/assign02.dir/Users/evachauffour/pico/pico-sdk/src/rp2_common/pico_malloc/pico_malloc.c.obj (calloc)
/Applications/ArmGNUToolchain/13.2.Rel1/arm-none-eabi/bin/../lib/gcc/arm-none-eabi/13.2.1/../../../../arm-none-eabi/lib/thumb/v6-m/nofp/libg.a(libc_a-callocr.o)
                              /Applications/ArmGNUToolchain/13.2.Rel1/arm-none-eabi/bin/../lib/gcc/arm-none-eabi/13.2.1/../../../../arm-none-eabi/lib/thumb/v6-m/nofp/libg.a(libc_a-calloc.o) (_calloc_r)
/Applications/ArmGNUToolchain/13.2.Rel1/arm-none-eabi/bin/../lib/gcc/arm-none-eabi/13.2.1/../../../../arm-none-eabi/lib/thumb/v6-m/nofp/libg.a(libc_a-malloc.o)
                              CMakeFiles/assign02.dir/Users/evachauffour/pico/pico-sdk/src/rp2_common/pico_malloc/pico_malloc.c.obj (malloc)
/Applications/ArmGNUToolchain/13.2.Rel1/arm-none-eabi/bin/../lib/gcc/arm-none-eabi/13.2.1/../../../../arm-none-eabi/lib/thumb/v6-m/nofp/libg.a(libc_a-mallocr.o)
                              /Applications/ArmGNUToolchain/13.2.Rel1/arm-none-eabi/bin/../lib/gcc/arm-none-eabi/13.2.1/../../../../arm-none-eabi/lib/thumb/v6-m/nofp/libg.a(libc_a-callocr.o) (_malloc_r)
/Applications/ArmGNUToolchain/13.2.Rel1/arm-none-eabi/bin/../lib/gcc/arm-none-eabi/13.2.1/../../../../arm-none-eabi/lib/thumb/v6-m/nofp/libg.a(libc_a-mlock.o)
                              /Applications/ArmGNUToolchain/13.2.Rel1/arm-none-eabi/bin/../lib/gcc/arm-none-eabi/13.2.1/../../../../arm-none-eabi/lib/thumb/v6-m/nofp/libg.a(libc_a-mallocr.o) (__malloc_lock)
/Applications/ArmGNUToolchain/13.2.Rel1/arm-none-eabi/bin/../lib/gcc/arm-none-eabi/13.2.1/../../../../arm-none-eabi/lib/thumb/v6-m/nofp/libg.a(libc_a-rand.o)
                              CMakeFiles/assign02.dir/assign02.c.obj (rand)
/Applications/ArmGNUToolchain/13.2.Rel1/arm-none-eabi/bin/../lib/gcc/arm-none-eabi/13.2.1/../../../../arm-none-eabi/lib/thumb/v6-m/nofp/libg.a(libc_a-realloc.o)
                              CMakeFiles/assign02.dir/Users/evachauffour/pico/pico-sdk/src/rp2_common/pico_malloc/pico_malloc.c.obj (realloc)
/Applications/ArmGNUToolchain/13.2.Rel1/arm-none-eabi/bin/../lib/gcc/arm-none-eabi/13.2.1/../../../../arm-none-eabi/lib/thumb/v6-m/nofp/libg.a(libc_a-reallocr.o)
                              /Applications/ArmGNUToolchain/13.2.Rel1/arm-none-eabi/bin/../lib/gcc/arm-none-eabi/13.2.1/../../../../arm-none-eabi/lib/thumb/v6-m/nofp/libg.a(libc_a-realloc.o) (_realloc_r)
/Applications/ArmGNUToolchain/13.2.Rel1/arm-none-eabi/bin/../lib/gcc/arm-none-eabi/13.2.1/../../../../arm-none-eabi/lib/thumb/v6-m/nofp/libg.a(libc_a-memmove.o)
                              /Applications/ArmGNUToolchain/13.2.Rel1/arm-none-eabi/bin/../lib/gcc/arm-none-eabi/13.2.1/../../../../arm-none-eabi/lib/thumb/v6-m/nofp/libg.a(libc_a-reallocr.o) (memmove)
/Applications/ArmGNUToolchain/13.2.Rel1/arm-none-eabi/bin/../lib/gcc/arm-none-eabi/13.2.1/../../../../arm-none-eabi/lib/thumb/v6-m/nofp/libg.a(libc_a-impure.o)
                              /Applications/ArmGNUToolchain/13.2.Rel1/arm-none-eabi/bin/../lib/gcc/arm-none-eabi/13.2.1/../../../../arm-none-eabi/lib/thumb/v6-m/nofp/libg.a(libc_a-calloc.o) (_impure_ptr)
/Applications/ArmGNUToolchain/13.2.Rel1/arm-none-eabi/bin/../lib/gcc/arm-none-eabi/13.2.1/../../../../arm-none-eabi/lib/thumb/v6-m/nofp/libg.a(libc_a-sbrkr.o)
                              /Applications/ArmGNUToolchain/13.2.Rel1/arm-none-eabi/bin/../lib/gcc/arm-none-eabi/13.2.1/../../../../arm-none-eabi/lib/thumb/v6-m/nofp/libg.a(libc_a-mallocr.o) (_sbrk_r)
/Applications/ArmGNUToolchain/13.2.Rel1/arm-none-eabi/bin/../lib/gcc/arm-none-eabi/13.2.1/../../../../arm-none-eabi/lib/thumb/v6-m/nofp/libg.a(libc_a-errno.o)
                              /Applications/ArmGNUToolchain/13.2.Rel1/arm-none-eabi/bin/../lib/gcc/arm-none-eabi/13.2.1/../../../../arm-none-eabi/lib/thumb/v6-m/nofp/libg.a(libc_a-callocr.o) (__errno)
[...]
Memory Configuration

Name             Origin             Length             Attributes
FLASH            0x10000000         0x00200000         xr
RAM              0x20000000         0x00040000         xrw
SCRATCH_X        0x20040000         0x00001000         xrw
SCRATCH_Y        0x20041000         0x00001000         xrw
*default*        0x00000000         0xffffffff

Linker script and memory map

LOAD /Applications/ArmGNUToolchain/13.2.Rel1/arm-none-eabi/bin/../lib/gcc/arm-none-eabi/13.2.1/thumb/v6-m/nofp/crti.o
LOAD /Applications/ArmGNUToolchain/13.2.Rel1/arm-none-eabi/bin/../lib/gcc/arm-none-eabi/13.2.1/thumb/v6-m/nofp/crtbegin.o
LOAD /Applications/ArmGNUToolchain/13.2.Rel1/arm-none-eabi/bin/../lib/gcc/arm-none-eabi/13.2.1/../../../../arm-none-eabi/lib/thumb/v6-m/nofp/crt0.o

.flash_begin    0x10000000        0x0
                0x10000000                        __flash_binary_start = .

.boot2          0x10000000      0x100
                0x10000000                        __boot2_start__ = .
 *(.boot2)
 .boot2         0x10000000      0x100 /var/folders/d7/mtlh5brj54b9yxfl5d_5yg100000gn/T//ccaC3Cjz.o
                0x10000100                        __boot2_end__ = .
                0x00000001                        ASSERT (((__boot2_end__ - __boot2_start__) == 0x100), ERROR: Pico second stage bootloader must be 256 bytes in size)

.text           0x10000100     0x5330
                0x10000100                        __logical_binary_start = .
 *(.vectors)
 .vectors       0x10000100       0xd4 CMakeFiles/assign02.dir/Users/evachauffour/pico/pico-sdk/src/rp2_common/pico_standard_link/crt0.S.obj
                0x10000100                __VECTOR_TABLE
                0x10000100                __vectors
                0x100001c0                __default_isrs_start
                0x100001c0                isr_invalid
                0x100001c2                isr_nmi
                0x100001c4                isr_hardfault
                0x100001c6                isr_svcall
                0x100001c8                isr_pendsv
                0x100001ca                isr_systick
                0x100001cc                isr_irq28
                0x100001cc                isr_irq19
                0x100001cc                isr_irq0
                0x100001cc                isr_irq6
                0x100001cc                isr_irq22
                0x100001cc                isr_irq17
                0x100001cc                isr_irq14
                0x100001cc                isr_irq2
                0x100001cc                isr_irq10
                0x100001cc                isr_irq8
                0x100001cc                isr_irq24
                0x100001cc                isr_irq1
                0x100001cc                isr_irq7
                0x100001cc                isr_irq21
                0x100001cc                isr_irq20
                0x100001cc                isr_irq15
                0x100001cc                isr_irq25
                0x100001cc                isr_irq4
                0x100001cc                isr_irq16
                0x100001cc                isr_irq29
                0x100001cc                isr_irq26
                0x100001cc                __default_isrs_end
                0x100001cc                isr_irq3
                0x100001cc                isr_irq9
                0x100001cc                __unhandled_user_irq
                0x100001cc                isr_irq13
                0x100001cc                isr_irq27
                0x100001cc                isr_irq31
                0x100001cc                isr_irq5
                0x100001cc                isr_irq11
                0x100001cc                isr_irq23
                0x100001cc                isr_irq18
                0x100001cc                isr_irq30
                0x100001cc                isr_irq12
                0x100001d2                unhandled_user_irq_num_in_r0
 *(.binary_info_header)
 .binary_info_header
                0x100001d4       0x14 CMakeFiles/assign02.dir/Users/evachauffour/pico/pico-sdk/src/rp2_common/pico_standard_link/crt0.S.obj
                0x100001e8                        __binary_info_header_end = .
 *(.reset)
 .reset         0x100001e8       0xa0 CMakeFiles/assign02.dir/Users/evachauffour/pico/pico-sdk/src/rp2_common/pico_standard_link/crt0.S.obj
                0x100001e8                _entry_point
 .reset         0x10000288       0x30 CMakeFiles/assign02.dir/Users/evachauffour/pico/pico-sdk/src/rp2_common/pico_standard_link/binary_info.c.obj
 *(.init)
 .init          0x100002b8        0x4 /Applications/ArmGNUToolchain/13.2.Rel1/arm-none-eabi/bin/../lib/gcc/arm-none-eabi/13.2.1/thumb/v6-m/nofp/crti.o
                0x100002b8                _init
 *(EXCLUDE_FILE(*libm.a: *libc.a:*lib_a-mem*.o *libgcc.a:) .text*)
 .text.register_tm_clones
                0x100002bc       0x28 /Applications/ArmGNUToolchain/13.2.Rel1/arm-none-eabi/bin/../lib/gcc/arm-none-eabi/13.2.1/thumb/v6-m/nofp/crtbegin.o
 .text.frame_dummy
                0x100002e4       0x24 /Applications/ArmGNUToolchain/13.2.Rel1/arm-none-eabi/bin/../lib/gcc/arm-none-eabi/13.2.1/thumb/v6-m/nofp/crtbegin.o
 .text.sm_config_set_clkdiv
                0x10000308       0x3c CMakeFiles/assign02.dir/assign02.c.obj
 .text.pio_get_default_sm_config
                0x10000344       0x28 CMakeFiles/assign02.dir/assign02.c.obj
 .text.ws2812_program_get_default_config
                0x1000036c       0x3c CMakeFiles/assign02.dir/assign02.c.obj
 .text.update_led
                0x100003a8       0x84 CMakeFiles/assign02.dir/assign02.c.obj
 .text.ws2812_program_init
                0x1000042c       0xd4 CMakeFiles/assign02.dir/assign02.c.obj
 .text.asm_gpio_init
                0x10000500        0x8 CMakeFiles/assign02.dir/assign02.c.obj
                0x10000500                asm_gpio_init
 .text.asm_gpio_set_dir
                0x10000508       0x18 CMakeFiles/assign02.dir/assign02.c.obj
                0x10000508                asm_gpio_set_dir
 .text.asm_gpio_set_irq
                0x10000520       0x18 CMakeFiles/assign02.dir/assign02.c.obj
                0x10000520                asm_gpio_set_irq
 .text.add_input
                0x10000538       0x54 CMakeFiles/assign02.dir/assign02.c.obj
                0x10000538                add_input
 .text.add_to_sequence
                0x1000058c       0x90 CMakeFiles/assign02.dir/assign02.c.obj
                0x1000058c                add_to_sequence
 .text.end_char
                0x1000061c       0x38 CMakeFiles/assign02.dir/assign02.c.obj
                0x1000061c                end_char
 .text.random_letter
                0x10000654       0x10 CMakeFiles/assign02.dir/assign02.c.obj
                0x10000654                random_letter
 .text.random_word
                0x10000664       0x10 CMakeFiles/assign02.dir/assign02.c.obj
                0x10000664                random_word
 .text.print_welcome
                0x10000674      0x100 CMakeFiles/assign02.dir/assign02.c.obj
                0x10000674                print_welcome
 .text.won_game
                0x10000774       0x50 CMakeFiles/assign02.dir/assign02.c.obj
                0x10000774                won_game
 .text.incorrect
                0x100007c4       0x34 CMakeFiles/assign02.dir/assign02.c.obj
                0x100007c4                incorrect
 .text.correct  0x100007f8       0x34 CMakeFiles/assign02.dir/assign02.c.obj
                0x100007f8                correct
 .text.game_stats
                0x1000082c       0xbc CMakeFiles/assign02.dir/assign02.c.obj
                0x1000082c                game_stats
 .text.game_over
                0x100008e8       0x54 CMakeFiles/assign02.dir/assign02.c.obj
                0x100008e8                game_over
 .text.level_complete
                0x1000093c       0x4c CMakeFiles/assign02.dir/assign02.c.obj
                0x1000093c                level_complete
 .text.print_question
                0x10000988      0x120 CMakeFiles/assign02.dir/assign02.c.obj
                0x10000988                print_question
 .text.handler  0x10000aa8      0x188 CMakeFiles/assign02.dir/assign02.c.obj
                0x10000aa8                handler
 .text.end_word
                0x10000c30       0x44 CMakeFiles/assign02.dir/assign02.c.obj
                0x10000c30                end_word
 .text.main     0x10000c74       0x48 CMakeFiles/assign02.dir/assign02.c.obj
                0x10000c74                main
 *fill*         0x10000cbc        0x4 
 .text          0x10000cc0      0x150 CMakeFiles/assign02.dir/assign02.S.obj
                0x10000cc0                main_asm
 .text.gpio_set_function
                0x10000e10       0x30 CMakeFiles/assign02.dir/Users/evachauffour/pico/pico-sdk/src/rp2_common/hardware_gpio/gpio.c.obj
                0x10000e10                gpio_set_function
 .text.gpio_acknowledge_irq
                0x10000e40       0x18 CMakeFiles/assign02.dir/Users/evachauffour/pico/pico-sdk/src/rp2_common/hardware_gpio/gpio.c.obj
                0x10000e40                gpio_acknowledge_irq
 .text._gpio_set_irq_enabled
                0x10000e58       0x34 CMakeFiles/assign02.dir/Users/evachauffour/pico/pico-sdk/src/rp2_common/hardware_gpio/gpio.c.obj
 .text.gpio_set_irq_enabled
                0x10000e8c       0x20 CMakeFiles/assign02.dir/Users/evachauffour/pico/pico-sdk/src/rp2_common/hardware_gpio/gpio.c.obj
                0x10000e8c                gpio_set_irq_enabled
 .text.gpio_init
                0x10000eac       0x16 CMakeFiles/assign02.dir/Users/evachauffour/pico/pico-sdk/src/rp2_common/hardware_gpio/gpio.c.obj
                0x10000eac                gpio_init
 *fill*         0x10000ec2        0x2 
 .text.running_on_fpga
                0x10000ec4       0x14 CMakeFiles/assign02.dir/Users/evachauffour/pico/pico-sdk/src/rp2_common/pico_platform/platform.c.obj
                0x10000ec4                running_on_fpga
 .text.hw_claim_lock
                0x10000ed8       0x18 CMakeFiles/assign02.dir/Users/evachauffour/pico/pico-sdk/src/rp2_common/hardware_claim/claim.c.obj
                0x10000ed8                hw_claim_lock
 .text.hw_claim_unlock
                0x10000ef0       0x14 CMakeFiles/assign02.dir/Users/evachauffour/pico/pico-sdk/src/rp2_common/hardware_claim/claim.c.obj
                0x10000ef0                hw_claim_unlock
 .text.hw_claim_or_assert
                0x10000f04       0x32 CMakeFiles/assign02.dir/Users/evachauffour/pico/pico-sdk/src/rp2_common/hardware_claim/claim.c.obj
                0x10000f04                hw_claim_or_assert
 *fill*         0x10000f36        0x2 
 .text.spin_locks_reset
                0x10000f38       0x20 CMakeFiles/assign02.dir/Users/evachauffour/pico/pico-sdk/src/rp2_common/hardware_sync/sync.c.obj
                0x10000f38                spin_locks_reset
 .text.next_striped_spin_lock_num
                0x10000f58       0x1c CMakeFiles/assign02.dir/Users/evachauffour/pico/pico-sdk/src/rp2_common/hardware_sync/sync.c.obj
                0x10000f58                next_striped_spin_lock_num
 .text.set_raw_irq_handler_and_unlock
                0x10000f74       0x28 CMakeFiles/assign02.dir/Users/evachauffour/pico/pico-sdk/src/rp2_common/hardware_irq/irq.c.obj
 .text.resolve_branch
                0x10000f9c       0x30 CMakeFiles/assign02.dir/Users/evachauffour/pico/pico-sdk/src/rp2_common/hardware_irq/irq.c.obj
 .text.make_branch
                0x10000fcc       0x48 CMakeFiles/assign02.dir/Users/evachauffour/pico/pico-sdk/src/rp2_common/hardware_irq/irq.c.obj
 .text.insert_branch_and_link
                0x10001014       0x40 CMakeFiles/assign02.dir/Users/evachauffour/pico/pico-sdk/src/rp2_common/hardware_irq/irq.c.obj
 .text.irq_is_enabled
                0x10001054       0x18 CMakeFiles/assign02.dir/Users/evachauffour/pico/pico-sdk/src/rp2_common/hardware_irq/irq.c.obj
                0x10001054                irq_is_enabled
 .text.irq_set_mask_enabled
                0x1000106c       0x20 CMakeFiles/assign02.dir/Users/evachauffour/pico/pico-sdk/src/rp2_common/hardware_irq/irq.c.obj
                0x1000106c                irq_set_mask_enabled
 .text.irq_set_enabled
                0x1000108c        0xe CMakeFiles/assign02.dir/Users/evachauffour/pico/pico-sdk/src/rp2_common/hardware_irq/irq.c.obj
                0x1000108c                irq_set_enabled
 *fill*         0x1000109a        0x2 
 .text.irq_get_vtable_handler
                0x1000109c       0x10 CMakeFiles/assign02.dir/Users/evachauffour/pico/pico-sdk/src/rp2_common/hardware_irq/irq.c.obj
                0x1000109c                irq_get_vtable_handler
 .text.irq_set_exclusive_handler
                0x100010ac       0x54 CMakeFiles/assign02.dir/Users/evachauffour/pico/pico-sdk/src/rp2_common/hardware_irq/irq.c.obj
                0x100010ac                irq_set_exclusive_handler
 .text.irq_remove_handler
                0x10001100      0x188 CMakeFiles/assign02.dir/Users/evachauffour/pico/pico-sdk/src/rp2_common/hardware_irq/irq.c.obj
                0x10001100                irq_remove_handler
 .text.irq_add_tail_to_free_list
                0x10001288       0xf0 CMakeFiles/assign02.dir/Users/evachauffour/pico/pico-sdk/src/rp2_common/hardware_irq/irq.c.obj
                0x10001288                irq_add_tail_to_free_list
 .text.irq_init_priorities
                0x10001378       0x1c CMakeFiles/assign02.dir/Users/evachauffour/pico/pico-sdk/src/rp2_common/hardware_irq/irq.c.obj
                0x10001378                irq_init_priorities
 .text.lock_init
                0x10001394       0x10 CMakeFiles/assign02.dir/Users/evachauffour/pico/pico-sdk/src/common/pico_sync/lock_core.c.obj
                0x10001394                lock_init
 .text.mutex_init
                0x100013a4       0x1a CMakeFiles/assign02.dir/Users/evachauffour/pico/pico-sdk/src/common/pico_sync/mutex.c.obj
                0x100013a4                mutex_init
 .text.recursive_mutex_init
                0x100013be       0x1e CMakeFiles/assign02.dir/Users/evachauffour/pico/pico-sdk/src/common/pico_sync/mutex.c.obj
                0x100013be                recursive_mutex_init
 .text.time_reached
                0x100013dc       0x28 CMakeFiles/assign02.dir/Users/evachauffour/pico/pico-sdk/src/common/pico_time/time.c.obj
 .text.get_entry
                0x10001404       0x38 CMakeFiles/assign02.dir/Users/evachauffour/pico/pico-sdk/src/common/pico_time/time.c.obj
 .text.timer_pool_entry_comparator
                0x1000143c       0x2e CMakeFiles/assign02.dir/Users/evachauffour/pico/pico-sdk/src/common/pico_time/time.c.obj
                0x1000143c                timer_pool_entry_comparator
 *fill*         0x1000146a        0x2 
 .text.update_us_since_boot
                0x1000146c       0x24 CMakeFiles/assign02.dir/Users/evachauffour/pico/pico-sdk/src/common/pico_time/time.c.obj
 .text.delayed_by_us
                0x10001490       0x34 CMakeFiles/assign02.dir/Users/evachauffour/pico/pico-sdk/src/common/pico_time/time.c.obj
 .text.ph_get_node
                0x100014c4       0x30 CMakeFiles/assign02.dir/Users/evachauffour/pico/pico-sdk/src/common/pico_time/time.c.obj
 .text.ph_contains_node
                0x100014f4       0x1e CMakeFiles/assign02.dir/Users/evachauffour/pico/pico-sdk/src/common/pico_time/time.c.obj
 .text.ph_new_node
                0x10001512       0x28 CMakeFiles/assign02.dir/Users/evachauffour/pico/pico-sdk/src/common/pico_time/time.c.obj
 *fill*         0x1000153a        0x2 
 .text.ph_add_child_node
                0x1000153c       0x6c CMakeFiles/assign02.dir/Users/evachauffour/pico/pico-sdk/src/common/pico_time/time.c.obj
 .text.ph_merge_nodes
                0x100015a8       0x3e CMakeFiles/assign02.dir/Users/evachauffour/pico/pico-sdk/src/common/pico_time/time.c.obj
 *fill*         0x100015e6        0x2 
 .text.ph_insert_node
                0x100015e8       0x3c CMakeFiles/assign02.dir/Users/evachauffour/pico/pico-sdk/src/common/pico_time/time.c.obj
 .text.ph_free_node
                0x10001624       0x5c CMakeFiles/assign02.dir/Users/evachauffour/pico/pico-sdk/src/common/pico_time/time.c.obj
 .text.get_entry_id_high
                0x10001680       0x30 CMakeFiles/assign02.dir/Users/evachauffour/pico/pico-sdk/src/common/pico_time/time.c.obj
 .text.alarm_pool_post_alloc_init
                0x100016b0       0x40 CMakeFiles/assign02.dir/Users/evachauffour/pico/pico-sdk/src/common/pico_time/time.c.obj
 .text.sleep_until_callback
                0x100016f0       0x30 CMakeFiles/assign02.dir/Users/evachauffour/pico/pico-sdk/src/common/pico_time/time.c.obj
 .text.get_absolute_time
                0x10001720       0x22 CMakeFiles/assign02.dir/Users/evachauffour/pico/pico-sdk/src/common/pico_time/time.c.obj
 *fill*         0x10001742        0x2 
 .text.add_alarm_under_lock
                0x10001744       0x94 CMakeFiles/assign02.dir/Users/evachauffour/pico/pico-sdk/src/common/pico_time/time.c.obj
 .text.alarm_pool_alarm_callback
                0x100017d8      0x210 CMakeFiles/assign02.dir/Users/evachauffour/pico/pico-sdk/src/common/pico_time/time.c.obj
 .text.alarm_pool_init_default
                0x100019e8       0x40 CMakeFiles/assign02.dir/Users/evachauffour/pico/pico-sdk/src/common/pico_time/time.c.obj
                0x100019e8                alarm_pool_init_default
 .text.alarm_pool_get_default
                0x10001a28       0x2c CMakeFiles/assign02.dir/Users/evachauffour/pico/pico-sdk/src/common/pico_time/time.c.obj
                0x10001a28                alarm_pool_get_default
 .text.alarm_pool_add_alarm_at
                0x10001a54      0x10e CMakeFiles/assign02.dir/Users/evachauffour/pico/pico-sdk/src/common/pico_time/time.c.obj
                0x10001a54                alarm_pool_add_alarm_at
 .text.add_alarm_at
                0x10001b62       0x2e CMakeFiles/assign02.dir/Users/evachauffour/pico/pico-sdk/src/common/pico_time/time.c.obj
 .text.alarm_pool_cancel_alarm
                0x10001b90       0xa8 CMakeFiles/assign02.dir/Users/evachauffour/pico/pico-sdk/src/common/pico_time/time.c.obj
                0x10001b90                alarm_pool_cancel_alarm
 .text.cancel_alarm
                0x10001c38       0x10 CMakeFiles/assign02.dir/Users/evachauffour/pico/pico-sdk/src/common/pico_time/time.c.obj
 .text.best_effort_wfe_or_timeout
                0x10001c48       0x44 CMakeFiles/assign02.dir/Users/evachauffour/pico/pico-sdk/src/common/pico_time/time.c.obj
                0x10001c48                best_effort_wfe_or_timeout
 .text.update_us_since_boot
                0x10001c8c       0x24 CMakeFiles/assign02.dir/Users/evachauffour/pico/pico-sdk/src/rp2_common/hardware_timer/timer.c.obj
 .text.hardware_alarm_irq_handler
                0x10001cb0       0x8c CMakeFiles/assign02.dir/Users/evachauffour/pico/pico-sdk/src/rp2_common/hardware_timer/timer.c.obj
 .text.hardware_alarm_claim
                0x10001d3c       0x18 CMakeFiles/assign02.dir/Users/evachauffour/pico/pico-sdk/src/rp2_common/hardware_timer/timer.c.obj
                0x10001d3c                hardware_alarm_claim
 .text.time_us_64
                0x10001d54       0x18 CMakeFiles/assign02.dir/Users/evachauffour/pico/pico-sdk/src/rp2_common/hardware_timer/timer.c.obj
                0x10001d54                time_us_64
 .text.busy_wait_until
                0x10001d6c       0x28 CMakeFiles/assign02.dir/Users/evachauffour/pico/pico-sdk/src/rp2_common/hardware_timer/timer.c.obj
                0x10001d6c                busy_wait_until
 .text.busy_wait_us
                0x10001d94       0x3a CMakeFiles/assign02.dir/Users/evachauffour/pico/pico-sdk/src/rp2_common/hardware_timer/timer.c.obj
                0x10001d94                busy_wait_us
 *fill*         0x10001dce        0x2 
 .text.hardware_alarm_set_callback
                0x10001dd0       0x90 CMakeFiles/assign02.dir/Users/evachauffour/pico/pico-sdk/src/rp2_common/hardware_timer/timer.c.obj
                0x10001dd0                hardware_alarm_set_callback
 .text.hardware_alarm_set_target
                0x10001e60       0xe8 CMakeFiles/assign02.dir/Users/evachauffour/pico/pico-sdk/src/rp2_common/hardware_timer/timer.c.obj
                0x10001e60                hardware_alarm_set_target
 .text.hardware_alarm_cancel
                0x10001f48       0x40 CMakeFiles/assign02.dir/Users/evachauffour/pico/pico-sdk/src/rp2_common/hardware_timer/timer.c.obj
                0x10001f48                hardware_alarm_cancel
 .text.ph_get_node
                0x10001f88       0x30 CMakeFiles/assign02.dir/Users/evachauffour/pico/pico-sdk/src/common/pico_util/pheap.c.obj
 .text.ph_add_child_node
                0x10001fb8       0x6c CMakeFiles/assign02.dir/Users/evachauffour/pico/pico-sdk/src/common/pico_util/pheap.c.obj
 .text.ph_merge_nodes
                0x10002024       0x3e CMakeFiles/assign02.dir/Users/evachauffour/pico/pico-sdk/src/common/pico_util/pheap.c.obj
 .text.ph_clear
                0x10002062       0x34 CMakeFiles/assign02.dir/Users/evachauffour/pico/pico-sdk/src/common/pico_util/pheap.c.obj
                0x10002062                ph_clear
 .text.ph_post_alloc_init
                0x10002096        0xe CMakeFiles/assign02.dir/Users/evachauffour/pico/pico-sdk/src/common/pico_util/pheap.c.obj
                0x10002096                ph_post_alloc_init
 .text.ph_merge_two_pass
                0x100020a4       0x5c CMakeFiles/assign02.dir/Users/evachauffour/pico/pico-sdk/src/common/pico_util/pheap.c.obj
                0x100020a4                ph_merge_two_pass
 .text.ph_remove_any_head
                0x10002100       0xc0 CMakeFiles/assign02.dir/Users/evachauffour/pico/pico-sdk/src/common/pico_util/pheap.c.obj
 .text.ph_remove_head
                0x100021c0       0x14 CMakeFiles/assign02.dir/Users/evachauffour/pico/pico-sdk/src/common/pico_util/pheap.c.obj
                0x100021c0                ph_remove_head
 .text.ph_remove_and_free_node
                0x100021d4       0xa0 CMakeFiles/assign02.dir/Users/evachauffour/pico/pico-sdk/src/common/pico_util/pheap.c.obj
                0x100021d4                ph_remove_and_free_node
 .text.uart_disable_before_lcr_write
                0x10002274       0x48 CMakeFiles/assign02.dir/Users/evachauffour/pico/pico-sdk/src/rp2_common/hardware_uart/uart.c.obj
 .text.uart_write_lcr_bits_masked
                0x100022bc       0x22 CMakeFiles/assign02.dir/Users/evachauffour/pico/pico-sdk/src/rp2_common/hardware_uart/uart.c.obj
 *fill*         0x100022de        0x2 
 .text.uart_set_baudrate
                0x100022e0       0x5c CMakeFiles/assign02.dir/Users/evachauffour/pico/pico-sdk/src/rp2_common/hardware_uart/uart.c.obj
                0x100022e0                uart_set_baudrate
 .text.uart_set_format
                0x1000233c       0x2c CMakeFiles/assign02.dir/Users/evachauffour/pico/pico-sdk/src/rp2_common/hardware_uart/uart.c.obj
                0x1000233c                uart_set_format
 .text.uart_set_translate_crlf
                0x10002368       0x28 CMakeFiles/assign02.dir/Users/evachauffour/pico/pico-sdk/src/rp2_common/hardware_uart/uart.c.obj
                0x10002368                uart_set_translate_crlf
 .text.uart_init
                0x10002390       0x80 CMakeFiles/assign02.dir/Users/evachauffour/pico/pico-sdk/src/rp2_common/hardware_uart/uart.c.obj
                0x10002390                uart_init
 .text.clock_configure
                0x10002410      0x108 CMakeFiles/assign02.dir/Users/evachauffour/pico/pico-sdk/src/rp2_common/hardware_clocks/clocks.c.obj
                0x10002410                clock_configure
 .text.clocks_init
                0x10002518      0x100 CMakeFiles/assign02.dir/Users/evachauffour/pico/pico-sdk/src/rp2_common/hardware_clocks/clocks.c.obj
                0x10002518                clocks_init
 .text.clock_get_hz
                0x10002618        0xc CMakeFiles/assign02.dir/Users/evachauffour/pico/pico-sdk/src/rp2_common/hardware_clocks/clocks.c.obj
                0x10002618                clock_get_hz
 .text.pll_init
                0x10002624      0x120 CMakeFiles/assign02.dir/Users/evachauffour/pico/pico-sdk/src/rp2_common/hardware_pll/pll.c.obj
                0x10002624                pll_init
 .text.watchdog_start_tick
                0x10002744       0x10 CMakeFiles/assign02.dir/Users/evachauffour/pico/pico-sdk/src/rp2_common/hardware_watchdog/watchdog.c.obj
                0x10002744                watchdog_start_tick
 .text.watchdog_update
                0x10002754       0x14 CMakeFiles/assign02.dir/Users/evachauffour/pico/pico-sdk/src/rp2_common/hardware_watchdog/watchdog.c.obj
                0x10002754                watchdog_update
 .text._watchdog_enable
                0x10002768       0x78 CMakeFiles/assign02.dir/Users/evachauffour/pico/pico-sdk/src/rp2_common/hardware_watchdog/watchdog.c.obj
                0x10002768                _watchdog_enable
 .text.watchdog_enable
                0x100027e0       0x18 CMakeFiles/assign02.dir/Users/evachauffour/pico/pico-sdk/src/rp2_common/hardware_watchdog/watchdog.c.obj
                0x100027e0                watchdog_enable
 .text.xosc_init
                0x100027f8       0x28 CMakeFiles/assign02.dir/Users/evachauffour/pico/pico-sdk/src/rp2_common/hardware_xosc/xosc.c.obj
                0x100027f8                xosc_init
 .text._exit    0x10002820        0x4 CMakeFiles/assign02.dir/Users/evachauffour/pico/pico-sdk/src/rp2_common/pico_runtime/runtime.c.obj
                0x10002820                _exit
 .text.exit     0x10002824        0x6 CMakeFiles/assign02.dir/Users/evachauffour/pico/pico-sdk/src/rp2_common/pico_runtime/runtime.c.obj
                0x10002824                exit
 *fill*         0x1000282a        0x2 
 .text.__assert_func
                0x1000282c       0x38 CMakeFiles/assign02.dir/Users/evachauffour/pico/pico-sdk/src/rp2_common/pico_runtime/runtime.c.obj
                0x1000282c                __assert_func
 .text.runtime_init
                0x10002864       0xf8 CMakeFiles/assign02.dir/Users/evachauffour/pico/pico-sdk/src/rp2_common/pico_runtime/runtime.c.obj
                0x10002864                runtime_init
 .text.panic    0x1000295c       0x30 CMakeFiles/assign02.dir/Users/evachauffour/pico/pico-sdk/src/rp2_common/pico_runtime/runtime.c.obj
                0x1000295c                panic
 .text._out_buffer
                0x1000298c        0x8 CMakeFiles/assign02.dir/Users/evachauffour/pico/pico-sdk/src/rp2_common/pico_printf/printf.c.obj
 .text._out_null
                0x10002994        0x2 CMakeFiles/assign02.dir/Users/evachauffour/pico/pico-sdk/src/rp2_common/pico_printf/printf.c.obj
 .text._out_fct
                0x10002996        0xe CMakeFiles/assign02.dir/Users/evachauffour/pico/pico-sdk/src/rp2_common/pico_printf/printf.c.obj
 .text._atoi    0x100029a4       0x24 CMakeFiles/assign02.dir/Users/evachauffour/pico/pico-sdk/src/rp2_common/pico_printf/printf.c.obj
 .text._out_rev
                0x100029c8       0xae CMakeFiles/assign02.dir/Users/evachauffour/pico/pico-sdk/src/rp2_common/pico_printf/printf.c.obj
 .text._ntoa_format
                0x10002a76      0x110 CMakeFiles/assign02.dir/Users/evachauffour/pico/pico-sdk/src/rp2_common/pico_printf/printf.c.obj
 .text._ntoa_long
                0x10002b86       0xbc CMakeFiles/assign02.dir/Users/evachauffour/pico/pico-sdk/src/rp2_common/pico_printf/printf.c.obj
 .text._ntoa_long_long
                0x10002c42      0x10e CMakeFiles/assign02.dir/Users/evachauffour/pico/pico-sdk/src/rp2_common/pico_printf/printf.c.obj
 .text._etoa    0x10002d50      0x420 CMakeFiles/assign02.dir/Users/evachauffour/pico/pico-sdk/src/rp2_common/pico_printf/printf.c.obj
 .text._ftoa    0x10003170      0x354 CMakeFiles/assign02.dir/Users/evachauffour/pico/pico-sdk/src/rp2_common/pico_printf/printf.c.obj
 .text._vsnprintf
                0x100034c4      0x668 CMakeFiles/assign02.dir/Users/evachauffour/pico/pico-sdk/src/rp2_common/pico_printf/printf.c.obj
 .text.__wrap_sprintf
                0x10003b2c       0x2c CMakeFiles/assign02.dir/Users/evachauffour/pico/pico-sdk/src/rp2_common/pico_printf/printf.c.obj
                0x10003b2c                __wrap_sprintf
 .text.vfctprintf
                0x10003b58       0x20 CMakeFiles/assign02.dir/Users/evachauffour/pico/pico-sdk/src/rp2_common/pico_printf/printf.c.obj
                0x10003b58                vfctprintf
 .text          0x10003b78       0x10 CMakeFiles/assign02.dir/Users/evachauffour/pico/pico-sdk/src/rp2_common/pico_bit_ops/bit_ops_aeabi.S.obj
 .text.rom_func_lookup
                0x10003b88       0x10 CMakeFiles/assign02.dir/Users/evachauffour/pico/pico-sdk/src/rp2_common/pico_bootrom/bootrom.c.obj
                0x10003b88                rom_func_lookup
 .text.rom_data_lookup
                0x10003b98       0x10 CMakeFiles/assign02.dir/Users/evachauffour/pico/pico-sdk/src/rp2_common/pico_bootrom/bootrom.c.obj
                0x10003b98                rom_data_lookup
 .text.rom_funcs_lookup
                0x10003ba8       0x36 CMakeFiles/assign02.dir/Users/evachauffour/pico/pico-sdk/src/rp2_common/pico_bootrom/bootrom.c.obj
                0x10003ba8                rom_funcs_lookup
 *fill*         0x10003bde        0x2 
 .text.__wrap___aeabi_idiv
                0x10003be0       0x50 CMakeFiles/assign02.dir/Users/evachauffour/pico/pico-sdk/src/rp2_common/pico_divider/divider.S.obj
                0x10003be0                __wrap___aeabi_idivmod
                0x10003be0                divmod_s32s32
                0x10003be0                div_s32s32
                0x10003be0                __wrap___aeabi_idiv
                0x10003be8                divmod_s32s32_unsafe
                0x10003c14                divmod_s32s32_savestate
 .text.__wrap___aeabi_uidiv
                0x10003c30       0x4c CMakeFiles/assign02.dir/Users/evachauffour/pico/pico-sdk/src/rp2_common/pico_divider/divider.S.obj
                0x10003c30                __wrap___aeabi_uidiv
                0x10003c30                __wrap___aeabi_uidivmod
                0x10003c30                div_u32u32
                0x10003c30                divmod_u32u32
                0x10003c38                divmod_u32u32_unsafe
                0x10003c60                divmod_u32u32_savestate
 .text.__wrap___aeabi_ldiv
                0x10003c7c      0x424 CMakeFiles/assign02.dir/Users/evachauffour/pico/pico-sdk/src/rp2_common/pico_divider/divider.S.obj
                0x10003c7c                __wrap___aeabi_ldivmod
                0x10003c7c                div_s64s64
                0x10003c7c                divmod_s64s64
                0x10003cac                divmod_u64u64
                0x10003cac                div_u64u64
                0x10003cac                __wrap___aeabi_uldivmod
                0x10003cbc                divmod_u64u64_savestate
                0x10003cdc                divmod_s64s64_unsafe
                0x10003d64                divmod_u64u64_unsafe
 .text.__wrap___aeabi_darithmetic
                0x100040a0       0x80 CMakeFiles/assign02.dir/Users/evachauffour/pico/pico-sdk/src/rp2_common/pico_double/double_aeabi.S.obj
                0x100040a0                __wrap___aeabi_drsub
                0x100040a6                __wrap___aeabi_dsub
                0x100040b8                __wrap___aeabi_dadd
                0x100040ca                __wrap___aeabi_ddiv
                0x10004106                __wrap___aeabi_dmul
 .text.__wrap___aeabi_cdcmple
                0x10004120       0x6c CMakeFiles/assign02.dir/Users/evachauffour/pico/pico-sdk/src/rp2_common/pico_double/double_aeabi.S.obj
                0x10004120                __wrap___aeabi_cdrcmple
                0x10004130                __wrap___aeabi_cdcmple
                0x10004130                __wrap___aeabi_cdcmpeq
 .text.__wrap___aeabi_dcmplt
                0x1000418c        0xc CMakeFiles/assign02.dir/Users/evachauffour/pico/pico-sdk/src/rp2_common/pico_double/double_aeabi.S.obj
                0x1000418c                __wrap___aeabi_dcmplt
 .text.__wrap___aeabi_dcmple
                0x10004198       0x10 CMakeFiles/assign02.dir/Users/evachauffour/pico/pico-sdk/src/rp2_common/pico_double/double_aeabi.S.obj
                0x10004198                __wrap___aeabi_dcmple
 .text.__wrap___aeabi_dcmpge
                0x100041a8       0x10 CMakeFiles/assign02.dir/Users/evachauffour/pico/pico-sdk/src/rp2_common/pico_double/double_aeabi.S.obj
                0x100041a8                __wrap___aeabi_dcmpge
 .text.__wrap___aeabi_dcmpgt
                0x100041b8        0xa CMakeFiles/assign02.dir/Users/evachauffour/pico/pico-sdk/src/rp2_common/pico_double/double_aeabi.S.obj
                0x100041b8                __wrap___aeabi_dcmpgt
 .text.__wrap___aeabi_dcmpun
                0x100041c2       0x1c CMakeFiles/assign02.dir/Users/evachauffour/pico/pico-sdk/src/rp2_common/pico_double/double_aeabi.S.obj
                0x100041c2                __wrap___aeabi_dcmpun
 *fill*         0x100041de        0x2 
 .text.__wrap___aeabi_i2d
                0x100041e0       0x38 CMakeFiles/assign02.dir/Users/evachauffour/pico/pico-sdk/src/rp2_common/pico_double/double_aeabi.S.obj
                0x100041e0                __wrap___aeabi_ui2d
                0x100041e8                __wrap___aeabi_i2d
 .text.__wrap___aeabi_d2iz
                0x10004218       0x48 CMakeFiles/assign02.dir/Users/evachauffour/pico/pico-sdk/src/rp2_common/pico_double/double_aeabi.S.obj
                0x10004218                __wrap___aeabi_d2iz
                0x10004218                double2int_z
 .text.__wrap___aeabi_d2uiz
                0x10004260       0x18 CMakeFiles/assign02.dir/Users/evachauffour/pico/pico-sdk/src/rp2_common/pico_double/double_aeabi.S.obj
                0x10004260                double2uint
                0x10004260                __wrap___aeabi_d2uiz
 .text.__aeabi_double_init
                0x10004278       0xcc CMakeFiles/assign02.dir/Users/evachauffour/pico/pico-sdk/src/rp2_common/pico_double/double_init_rom.c.obj
                0x10004278                __aeabi_double_init
 .text.double_table_shim_on_use_helper
                0x10004344       0x34 CMakeFiles/assign02.dir/Users/evachauffour/pico/pico-sdk/src/rp2_common/pico_double/double_v1_rom_shim.S.obj
                0x10004344                double_table_shim_on_use_helper
 .text.__wrap___aeabi_dsub
                0x10004378       0x10 CMakeFiles/assign02.dir/Users/evachauffour/pico/pico-sdk/src/rp2_common/pico_double/double_v1_rom_shim.S.obj
                0x10004378                drsub_shim
                0x1000437e                dsub_shim
 .text.dadd_shim
                0x10004388      0x15c CMakeFiles/assign02.dir/Users/evachauffour/pico/pico-sdk/src/rp2_common/pico_double/double_v1_rom_shim.S.obj
                0x10004388                dadd_shim
 .text.dmul_shim
                0x100044e4      0x15c CMakeFiles/assign02.dir/Users/evachauffour/pico/pico-sdk/src/rp2_common/pico_double/double_v1_rom_shim.S.obj
                0x100044e4                dmul_shim
 .text.ddiv_shim
                0x10004640      0x1b0 CMakeFiles/assign02.dir/Users/evachauffour/pico/pico-sdk/src/rp2_common/pico_double/double_v1_rom_shim.S.obj
                0x10004640                ddiv_shim
 .text.double2uint_shim
                0x100047f0        0xe CMakeFiles/assign02.dir/Users/evachauffour/pico/pico-sdk/src/rp2_common/pico_double/double_v1_rom_shim.S.obj
                0x100047f0                double2uint_shim
                0x100047f2                double2ufix_shim
 *fill*         0x100047fe        0x2 
 .text.double2uint64_shim
                0x10004800       0x70 CMakeFiles/assign02.dir/Users/evachauffour/pico/pico-sdk/src/rp2_common/pico_double/double_v1_rom_shim.S.obj
                0x10004800                double2uint64_shim
                0x10004802                double2ufix64_shim
                0x10004822                d2fix_a
 .text.dunpacks
                0x10004870       0x3c CMakeFiles/assign02.dir/Users/evachauffour/pico/pico-sdk/src/rp2_common/pico_double/double_v1_rom_shim.S.obj
                0x10004870                dunpacks
 .text.__aeabi_lmul
                0x100048ac       0x32 CMakeFiles/assign02.dir/Users/evachauffour/pico/pico-sdk/src/rp2_common/pico_int64_ops/pico_int64_ops_aeabi.S.obj
                0x100048ac                __wrap___aeabi_lmul
 *fill*         0x100048de        0x2 
 .text.__wrap___aeabi_farithmetic
                0x100048e0       0x58 CMakeFiles/assign02.dir/Users/evachauffour/pico/pico-sdk/src/rp2_common/pico_float/float_aeabi.S.obj
                0x100048e0                __wrap___aeabi_frsub
                0x100048e6                __wrap___aeabi_fsub
                0x100048f0                __wrap___aeabi_fadd
                0x100048fa                __wrap___aeabi_fdiv
                0x10004926                __wrap___aeabi_fmul
 .text.__wrap___aeabi_ui2f
                0x10004938        0xa CMakeFiles/assign02.dir/Users/evachauffour/pico/pico-sdk/src/rp2_common/pico_float/float_aeabi.S.obj
                0x10004938                __wrap___aeabi_ui2f
 *fill*         0x10004942        0x2 
 .text.__wrap___aeabi_i2f
                0x10004944       0x44 CMakeFiles/assign02.dir/Users/evachauffour/pico/pico-sdk/src/rp2_common/pico_float/float_aeabi.S.obj
                0x10004944                __wrap___aeabi_i2f
 .text.__wrap___aeabi_f2uiz
                0x10004988       0x10 CMakeFiles/assign02.dir/Users/evachauffour/pico/pico-sdk/src/rp2_common/pico_float/float_aeabi.S.obj
                0x10004988                __wrap___aeabi_f2uiz
 .text.__aeabi_float_init
                0x10004998       0xfc CMakeFiles/assign02.dir/Users/evachauffour/pico/pico-sdk/src/rp2_common/pico_float/float_init_rom.c.obj
                0x10004998                __aeabi_float_init
 .text.float_table_shim_on_use_helper
                0x10004a94       0x34 CMakeFiles/assign02.dir/Users/evachauffour/pico/pico-sdk/src/rp2_common/pico_float/float_v1_rom_shim.S.obj
                0x10004a94                float_table_shim_on_use_helper
 .text          0x10004ac8       0x10 CMakeFiles/assign02.dir/Users/evachauffour/pico/pico-sdk/src/rp2_common/pico_mem_ops/mem_ops_aeabi.S.obj
                0x10004ac8                __aeabi_mem_init
 .text.memset   0x10004ad8        0xc CMakeFiles/assign02.dir/Users/evachauffour/pico/pico-sdk/src/rp2_common/pico_mem_ops/mem_ops_aeabi.S.obj
                0x10004ad8                __wrap_memset
 .text.memcpy   0x10004ae4        0xc CMakeFiles/assign02.dir/Users/evachauffour/pico/pico-sdk/src/rp2_common/pico_mem_ops/mem_ops_aeabi.S.obj
                0x10004ae4                __wrap___aeabi_memcpy
                0x10004ae4                __wrap_memcpy
 .text.stdio_out_chars_no_crlf
                0x10004af0        0xe CMakeFiles/assign02.dir/Users/evachauffour/pico/pico-sdk/src/rp2_common/pico_stdio/stdio.c.obj
 *fill*         0x10004afe        0x2 
 .text.stdio_out_chars_crlf
                0x10004b00       0x80 CMakeFiles/assign02.dir/Users/evachauffour/pico/pico-sdk/src/rp2_common/pico_stdio/stdio.c.obj
 .text.stdio_stack_buffer_flush
                0x10004b80       0x44 CMakeFiles/assign02.dir/Users/evachauffour/pico/pico-sdk/src/rp2_common/pico_stdio/stdio.c.obj
 .text.stdio_buffered_printer
                0x10004bc4       0x20 CMakeFiles/assign02.dir/Users/evachauffour/pico/pico-sdk/src/rp2_common/pico_stdio/stdio.c.obj
 .text.update_us_since_boot
                0x10004be4       0x24 CMakeFiles/assign02.dir/Users/evachauffour/pico/pico-sdk/src/rp2_common/pico_stdio/stdio.c.obj
 .text.get_absolute_time
                0x10004c08       0x22 CMakeFiles/assign02.dir/Users/evachauffour/pico/pico-sdk/src/rp2_common/pico_stdio/stdio.c.obj
 *fill*         0x10004c2a        0x2 
 .text.delayed_by_ms
                0x10004c2c       0x44 CMakeFiles/assign02.dir/Users/evachauffour/pico/pico-sdk/src/rp2_common/pico_stdio/stdio.c.obj
 .text.make_timeout_time_ms
                0x10004c70       0x20 CMakeFiles/assign02.dir/Users/evachauffour/pico/pico-sdk/src/rp2_common/pico_stdio/stdio.c.obj
 .text.stdout_serialize_begin
                0x10004c90       0x20 CMakeFiles/assign02.dir/Users/evachauffour/pico/pico-sdk/src/rp2_common/pico_stdio/stdio.c.obj
                0x10004c90                stdout_serialize_begin
 .text.stdout_serialize_end
                0x10004cb0       0x10 CMakeFiles/assign02.dir/Users/evachauffour/pico/pico-sdk/src/rp2_common/pico_stdio/stdio.c.obj
                0x10004cb0                stdout_serialize_end
 .text.stdio_put_string
                0x10004cc0       0x98 CMakeFiles/assign02.dir/Users/evachauffour/pico/pico-sdk/src/rp2_common/pico_stdio/stdio.c.obj
 .text.__wrap_putchar
                0x10004d58       0x1c CMakeFiles/assign02.dir/Users/evachauffour/pico/pico-sdk/src/rp2_common/pico_stdio/stdio.c.obj
                0x10004d58                __wrap_putchar
 .text.stdio_set_driver_enabled
                0x10004d74       0x2c CMakeFiles/assign02.dir/Users/evachauffour/pico/pico-sdk/src/rp2_common/pico_stdio/stdio.c.obj
                0x10004d74                stdio_set_driver_enabled
 .text.stdio_flush
                0x10004da0       0x20 CMakeFiles/assign02.dir/Users/evachauffour/pico/pico-sdk/src/rp2_common/pico_stdio/stdio.c.obj
                0x10004da0                stdio_flush
 .text.__wrap_puts
                0x10004dc0       0x1e CMakeFiles/assign02.dir/Users/evachauffour/pico/pico-sdk/src/rp2_common/pico_stdio/stdio.c.obj
                0x10004dc0                __wrap_puts
 *fill*         0x10004dde        0x2 
 .text.__wrap_vprintf
                0x10004de0       0x40 CMakeFiles/assign02.dir/Users/evachauffour/pico/pico-sdk/src/rp2_common/pico_stdio/stdio.c.obj
                0x10004de0                __wrap_vprintf
 .text.__wrap_printf
                0x10004e20       0x18 CMakeFiles/assign02.dir/Users/evachauffour/pico/pico-sdk/src/rp2_common/pico_stdio/stdio.c.obj
                0x10004e20                __wrap_printf
 .text.stdio_init_all
                0x10004e38        0xa CMakeFiles/assign02.dir/Users/evachauffour/pico/pico-sdk/src/rp2_common/pico_stdio/stdio.c.obj
                0x10004e38                stdio_init_all
 *fill*         0x10004e42        0x2 
 .text.uart_putc
                0x10004e44       0x60 CMakeFiles/assign02.dir/Users/evachauffour/pico/pico-sdk/src/rp2_common/pico_stdio_uart/stdio_uart.c.obj
 .text.uart_getc
                0x10004ea4       0x24 CMakeFiles/assign02.dir/Users/evachauffour/pico/pico-sdk/src/rp2_common/pico_stdio_uart/stdio_uart.c.obj
 .text.stdio_uart_out_chars
                0x10004ec8       0x20 CMakeFiles/assign02.dir/Users/evachauffour/pico/pico-sdk/src/rp2_common/pico_stdio_uart/stdio_uart.c.obj
 .text.stdio_uart_in_chars
                0x10004ee8       0x5c CMakeFiles/assign02.dir/Users/evachauffour/pico/pico-sdk/src/rp2_common/pico_stdio_uart/stdio_uart.c.obj
                0x10004ee8                stdio_uart_in_chars
 .text.on_uart_rx
                0x10004f44       0x28 CMakeFiles/assign02.dir/Users/evachauffour/pico/pico-sdk/src/rp2_common/pico_stdio_uart/stdio_uart.c.obj
 .text.stdio_uart_set_chars_available_callback
                0x10004f6c       0x8c CMakeFiles/assign02.dir/Users/evachauffour/pico/pico-sdk/src/rp2_common/pico_stdio_uart/stdio_uart.c.obj
 .text.stdio_uart_init_full
                0x10004ff8       0x44 CMakeFiles/assign02.dir/Users/evachauffour/pico/pico-sdk/src/rp2_common/pico_stdio_uart/stdio_uart.c.obj
                0x10004ff8                stdio_uart_init_full
 .text.stdio_uart_init
                0x1000503c       0x28 CMakeFiles/assign02.dir/Users/evachauffour/pico/pico-sdk/src/rp2_common/pico_stdio_uart/stdio_uart.c.obj
                0x1000503c                stdio_uart_init
 .text.pio_get_default_sm_config
                0x10005064       0x28 CMakeFiles/assign02.dir/Users/evachauffour/pico/pico-sdk/src/rp2_common/hardware_pio/pio.c.obj
 .text._pio_can_add_program_at_offset
                0x1000508c       0x3c CMakeFiles/assign02.dir/Users/evachauffour/pico/pico-sdk/src/rp2_common/hardware_pio/pio.c.obj
 .text._pio_find_offset_for_program
                0x100050c8       0x7c CMakeFiles/assign02.dir/Users/evachauffour/pico/pico-sdk/src/rp2_common/hardware_pio/pio.c.obj
 .text._pio_add_program_at_offset
                0x10005144       0x7c CMakeFiles/assign02.dir/Users/evachauffour/pico/pico-sdk/src/rp2_common/hardware_pio/pio.c.obj
 .text.pio_add_program
                0x100051c0       0x38 CMakeFiles/assign02.dir/Users/evachauffour/pico/pico-sdk/src/rp2_common/hardware_pio/pio.c.obj
                0x100051c0                pio_add_program
 .text.pio_sm_set_consecutive_pindirs
                0x100051f8       0xa4 CMakeFiles/assign02.dir/Users/evachauffour/pico/pico-sdk/src/rp2_common/hardware_pio/pio.c.obj
                0x100051f8                pio_sm_set_consecutive_pindirs
 .text.pio_sm_init
                0x1000529c       0xb0 CMakeFiles/assign02.dir/Users/evachauffour/pico/pico-sdk/src/rp2_common/hardware_pio/pio.c.obj
                0x1000529c                pio_sm_init
 .text.rand     0x1000534c       0x34 /Applications/ArmGNUToolchain/13.2.Rel1/arm-none-eabi/bin/../lib/gcc/arm-none-eabi/13.2.1/../../../../arm-none-eabi/lib/thumb/v6-m/nofp/libg.a(libc_a-rand.o)
                0x1000534c                rand
 .text.strlen   0x10005380       0x5c /Applications/ArmGNUToolchain/13.2.Rel1/arm-none-eabi/bin/../lib/gcc/arm-none-eabi/13.2.1/../../../../arm-none-eabi/lib/thumb/v6-m/nofp/libg.a(libc_a-strlen-stub.o)
                0x10005380                strlen
 *(.fini)
 .fini          0x100053dc        0x4 /Applications/ArmGNUToolchain/13.2.Rel1/arm-none-eabi/bin/../lib/gcc/arm-none-eabi/13.2.1/thumb/v6-m/nofp/crti.o
                0x100053dc                _fini
 .fini.__stub   0x100053e0       0x50 linker stubs
 *crtbegin.o(.ctors)
 *crtbegin?.o(.ctors)
 *(EXCLUDE_FILE(*crtend.o *crtend?.o) .ctors)
 *(SORT_BY_NAME(.ctors.*))
 *(.ctors)
 *crtbegin.o(.dtors)
 *crtbegin?.o(.dtors)
 *(EXCLUDE_FILE(*crtend.o *crtend?.o) .dtors)
 *(SORT_BY_NAME(.dtors.*))
 *(.dtors)
 *(.eh_frame*)
 .eh_frame      0x10005430        0x0 /Applications/ArmGNUToolchain/13.2.Rel1/arm-none-eabi/bin/../lib/gcc/arm-none-eabi/13.2.1/thumb/v6-m/nofp/crtbegin.o
                0x10005430                        . = ALIGN (0x4)

.glue_7         0x10005430        0x0
 .glue_7        0x10005430        0x0 linker stubs

.glue_7t        0x10005430        0x0
 .glue_7t       0x10005430        0x0 linker stubs

.vfp11_veneer   0x10005430        0x0
 .vfp11_veneer  0x10005430        0x0 linker stubs

.v4_bx          0x10005430        0x0
 .v4_bx         0x10005430        0x0 linker stubs

.iplt           0x10005430        0x0
 .iplt          0x10005430        0x0 /Applications/ArmGNUToolchain/13.2.Rel1/arm-none-eabi/bin/../lib/gcc/arm-none-eabi/13.2.1/thumb/v6-m/nofp/crtbegin.o

.rodata         0x10005430     0x27b0
 *(EXCLUDE_FILE(*libm.a: *libc.a:*lib_a-mem*.o *libgcc.a:) .rodata*)
 .rodata.print_welcome.str1.4
                0x10005430     0x22d9 CMakeFiles/assign02.dir/assign02.c.obj
                                0xa04 (size before relaxing)
 .rodata.won_game.str1.4
                0x10007709      0x400 CMakeFiles/assign02.dir/assign02.c.obj
 .rodata.incorrect.str1.4
                0x10007709       0xcf CMakeFiles/assign02.dir/assign02.c.obj
 .rodata.correct.str1.4
                0x10007709       0x66 CMakeFiles/assign02.dir/assign02.c.obj
 .rodata.game_stats.str1.4
                0x10007709       0xcf CMakeFiles/assign02.dir/assign02.c.obj
 .rodata.game_over.str1.4
                0x10007709      0x50b CMakeFiles/assign02.dir/assign02.c.obj
 .rodata.level_complete.str1.4
                0x10007709      0x177 CMakeFiles/assign02.dir/assign02.c.obj
 .rodata.print_question.str1.4
                0x10007709      0x200 CMakeFiles/assign02.dir/assign02.c.obj
 *fill*         0x10007709        0x3 
 .rodata.ws2812_program
                0x1000770c        0x6 CMakeFiles/assign02.dir/assign02.c.obj
 *fill*         0x10007712        0x2 
 .rodata.ws2812_program_instructions
                0x10007714        0x8 CMakeFiles/assign02.dir/assign02.c.obj
 .rodata.resolve_branch.str1.4
                0x1000771c       0x5c CMakeFiles/assign02.dir/Users/evachauffour/pico/pico-sdk/src/rp2_common/hardware_irq/irq.c.obj
 .rodata.make_branch.str1.4
                0x1000771c       0x30 CMakeFiles/assign02.dir/Users/evachauffour/pico/pico-sdk/src/rp2_common/hardware_irq/irq.c.obj
 .rodata.insert_branch_and_link.str1.4
                0x1000771c       0x10 CMakeFiles/assign02.dir/Users/evachauffour/pico/pico-sdk/src/rp2_common/hardware_irq/irq.c.obj
 .rodata.irq_set_exclusive_handler.str1.4
                0x1000771c       0x36 CMakeFiles/assign02.dir/Users/evachauffour/pico/pico-sdk/src/rp2_common/hardware_irq/irq.c.obj
 .rodata.irq_remove_handler.str1.4
                0x1000771c       0x3a CMakeFiles/assign02.dir/Users/evachauffour/pico/pico-sdk/src/rp2_common/hardware_irq/irq.c.obj
 .rodata.irq_add_tail_to_free_list.str1.4
                0x1000771c       0x3a CMakeFiles/assign02.dir/Users/evachauffour/pico/pico-sdk/src/rp2_common/hardware_irq/irq.c.obj
 .rodata.__func__.0
                0x1000771c       0x1a CMakeFiles/assign02.dir/Users/evachauffour/pico/pico-sdk/src/rp2_common/hardware_irq/irq.c.obj
 *fill*         0x10007736        0x2 
 .rodata.__func__.1
                0x10007738       0x17 CMakeFiles/assign02.dir/Users/evachauffour/pico/pico-sdk/src/rp2_common/hardware_irq/irq.c.obj
 *fill*         0x1000774f        0x1 
 .rodata.__func__.2
                0x10007750       0x13 CMakeFiles/assign02.dir/Users/evachauffour/pico/pico-sdk/src/rp2_common/hardware_irq/irq.c.obj
 *fill*         0x10007763        0x1 
 .rodata.__func__.3
                0x10007764        0xc CMakeFiles/assign02.dir/Users/evachauffour/pico/pico-sdk/src/rp2_common/hardware_irq/irq.c.obj
 .rodata.__func__.4
                0x10007770        0xf CMakeFiles/assign02.dir/Users/evachauffour/pico/pico-sdk/src/rp2_common/hardware_irq/irq.c.obj
 *fill*         0x1000777f        0x1 
 .rodata.__func__.6
                0x10007780       0x1a CMakeFiles/assign02.dir/Users/evachauffour/pico/pico-sdk/src/rp2_common/hardware_irq/irq.c.obj
 .rodata.str1.4
                0x1000779a       0x91 CMakeFiles/assign02.dir/Users/evachauffour/pico/pico-sdk/src/common/pico_sync/mutex.c.obj
 *fill*         0x1000779a        0x2 
 .rodata.__func__.1
                0x1000779c        0xb CMakeFiles/assign02.dir/Users/evachauffour/pico/pico-sdk/src/common/pico_sync/mutex.c.obj
 *fill*         0x100077a7        0x1 
 .rodata.__func__.3
                0x100077a8       0x18 CMakeFiles/assign02.dir/Users/evachauffour/pico/pico-sdk/src/common/pico_sync/mutex.c.obj
 .rodata.get_entry.str1.4
                0x100077c0       0x62 CMakeFiles/assign02.dir/Users/evachauffour/pico/pico-sdk/src/common/pico_time/time.c.obj
 .rodata.update_us_since_boot.str1.4
                0x100077c0       0x68 CMakeFiles/assign02.dir/Users/evachauffour/pico/pico-sdk/src/common/pico_time/time.c.obj
 .rodata.ph_get_node.str1.4
                0x100077c0       0x6d CMakeFiles/assign02.dir/Users/evachauffour/pico/pico-sdk/src/common/pico_time/time.c.obj
 .rodata.ph_add_child_node.str1.4
                0x100077c0       0x2e CMakeFiles/assign02.dir/Users/evachauffour/pico/pico-sdk/src/common/pico_time/time.c.obj
 .rodata.ph_insert_node.str1.4
                0x100077c0        0x3 CMakeFiles/assign02.dir/Users/evachauffour/pico/pico-sdk/src/common/pico_time/time.c.obj
 .rodata.ph_free_node.str1.4
                0x100077c0       0x38 CMakeFiles/assign02.dir/Users/evachauffour/pico/pico-sdk/src/common/pico_time/time.c.obj
 .rodata.add_alarm_under_lock.str1.4
                0x100077c0       0x28 CMakeFiles/assign02.dir/Users/evachauffour/pico/pico-sdk/src/common/pico_time/time.c.obj
 .rodata.alarm_pool_alarm_callback.str1.4
                0x100077c0       0x60 CMakeFiles/assign02.dir/Users/evachauffour/pico/pico-sdk/src/common/pico_time/time.c.obj
 .rodata.alarm_pool_get_default.str1.4
                0x100077c0       0x21 CMakeFiles/assign02.dir/Users/evachauffour/pico/pico-sdk/src/common/pico_time/time.c.obj
 .rodata.alarm_pool_cancel_alarm.str1.4
                0x100077c0       0x27 CMakeFiles/assign02.dir/Users/evachauffour/pico/pico-sdk/src/common/pico_time/time.c.obj
 .rodata.__func__.1
                0x100077c0       0x18 CMakeFiles/assign02.dir/Users/evachauffour/pico/pico-sdk/src/common/pico_time/time.c.obj
 .rodata.__func__.3
                0x100077d8       0x17 CMakeFiles/assign02.dir/Users/evachauffour/pico/pico-sdk/src/common/pico_time/time.c.obj
 *fill*         0x100077ef        0x1 
 .rodata.__func__.4
                0x100077f0       0x12 CMakeFiles/assign02.dir/Users/evachauffour/pico/pico-sdk/src/common/pico_time/time.c.obj
 *fill*         0x10007802        0x2 
 .rodata.__func__.5
                0x10007804        0xd CMakeFiles/assign02.dir/Users/evachauffour/pico/pico-sdk/src/common/pico_time/time.c.obj
 *fill*         0x10007811        0x3 
 .rodata.__func__.6
                0x10007814       0x12 CMakeFiles/assign02.dir/Users/evachauffour/pico/pico-sdk/src/common/pico_time/time.c.obj
 *fill*         0x10007826        0x2 
 .rodata.__func__.7
                0x10007828        0xf CMakeFiles/assign02.dir/Users/evachauffour/pico/pico-sdk/src/common/pico_time/time.c.obj
 *fill*         0x10007837        0x1 
 .rodata.__func__.8
                0x10007838        0xc CMakeFiles/assign02.dir/Users/evachauffour/pico/pico-sdk/src/common/pico_time/time.c.obj
 .rodata.__func__.9
                0x10007844       0x15 CMakeFiles/assign02.dir/Users/evachauffour/pico/pico-sdk/src/common/pico_time/time.c.obj
 *fill*         0x10007859        0x3 
 .rodata.__func__.10
                0x1000785c       0x15 CMakeFiles/assign02.dir/Users/evachauffour/pico/pico-sdk/src/common/pico_time/time.c.obj
 *fill*         0x10007871        0x3 
 .rodata.__func__.11
                0x10007874       0x1a CMakeFiles/assign02.dir/Users/evachauffour/pico/pico-sdk/src/common/pico_time/time.c.obj
 *fill*         0x1000788e        0x2 
 .rodata.__func__.12
                0x10007890        0xa CMakeFiles/assign02.dir/Users/evachauffour/pico/pico-sdk/src/common/pico_time/time.c.obj
 .rodata.update_us_since_boot.str1.4
                0x1000789a       0x68 CMakeFiles/assign02.dir/Users/evachauffour/pico/pico-sdk/src/rp2_common/hardware_timer/timer.c.obj
 .rodata.hardware_alarm_claim.str1.4
                0x1000789a       0x22 CMakeFiles/assign02.dir/Users/evachauffour/pico/pico-sdk/src/rp2_common/hardware_timer/timer.c.obj
 .rodata.hardware_alarm_set_target.str1.4
                0x1000789a       0x6c CMakeFiles/assign02.dir/Users/evachauffour/pico/pico-sdk/src/rp2_common/hardware_timer/timer.c.obj
 *fill*         0x1000789a        0x2 
 .rodata.__func__.0
                0x1000789c       0x1a CMakeFiles/assign02.dir/Users/evachauffour/pico/pico-sdk/src/rp2_common/hardware_timer/timer.c.obj
 *fill*         0x100078b6        0x2 
 .rodata.__func__.1
                0x100078b8       0x15 CMakeFiles/assign02.dir/Users/evachauffour/pico/pico-sdk/src/rp2_common/hardware_timer/timer.c.obj
 .rodata.ph_get_node.str1.4
                0x100078cd       0x6d CMakeFiles/assign02.dir/Users/evachauffour/pico/pico-sdk/src/common/pico_util/pheap.c.obj
 .rodata.ph_add_child_node.str1.4
                0x100078cd       0x2e CMakeFiles/assign02.dir/Users/evachauffour/pico/pico-sdk/src/common/pico_util/pheap.c.obj
 .rodata.ph_remove_any_head.str1.4
                0x100078cd       0xa8 CMakeFiles/assign02.dir/Users/evachauffour/pico/pico-sdk/src/common/pico_util/pheap.c.obj
 .rodata.ph_remove_and_free_node.str1.4
                0x100078cd       0x26 CMakeFiles/assign02.dir/Users/evachauffour/pico/pico-sdk/src/common/pico_util/pheap.c.obj
 *fill*         0x100078cd        0x3 
 .rodata.__func__.0
                0x100078d0       0x18 CMakeFiles/assign02.dir/Users/evachauffour/pico/pico-sdk/src/common/pico_util/pheap.c.obj
 .rodata.__func__.1
                0x100078e8       0x13 CMakeFiles/assign02.dir/Users/evachauffour/pico/pico-sdk/src/common/pico_util/pheap.c.obj
 *fill*         0x100078fb        0x1 
 .rodata.__func__.2
                0x100078fc       0x12 CMakeFiles/assign02.dir/Users/evachauffour/pico/pico-sdk/src/common/pico_util/pheap.c.obj
 *fill*         0x1000790e        0x2 
 .rodata.__func__.3
                0x10007910        0xc CMakeFiles/assign02.dir/Users/evachauffour/pico/pico-sdk/src/common/pico_util/pheap.c.obj
 .rodata.clock_configure.str1.4
                0x1000791c       0x5e CMakeFiles/assign02.dir/Users/evachauffour/pico/pico-sdk/src/rp2_common/hardware_clocks/clocks.c.obj
 .rodata.__func__.1
                0x1000791c       0x10 CMakeFiles/assign02.dir/Users/evachauffour/pico/pico-sdk/src/rp2_common/hardware_clocks/clocks.c.obj
 .rodata.pll_init.str1.4
                0x1000792c      0x128 CMakeFiles/assign02.dir/Users/evachauffour/pico/pico-sdk/src/rp2_common/hardware_pll/pll.c.obj
 .rodata.__func__.0
                0x1000792c        0x9 CMakeFiles/assign02.dir/Users/evachauffour/pico/pico-sdk/src/rp2_common/hardware_pll/pll.c.obj
 .rodata.__assert_func.str1.4
                0x10007935       0x43 CMakeFiles/assign02.dir/Users/evachauffour/pico/pico-sdk/src/rp2_common/pico_runtime/runtime.c.obj
 .rodata.runtime_init.str1.4
                0x10007935       0x68 CMakeFiles/assign02.dir/Users/evachauffour/pico/pico-sdk/src/rp2_common/pico_runtime/runtime.c.obj
 .rodata.panic.str1.4
                0x10007935       0x12 CMakeFiles/assign02.dir/Users/evachauffour/pico/pico-sdk/src/rp2_common/pico_runtime/runtime.c.obj
 *fill*         0x10007935        0x3 
 .rodata.__func__.2
                0x10007938        0xd CMakeFiles/assign02.dir/Users/evachauffour/pico/pico-sdk/src/rp2_common/pico_runtime/runtime.c.obj
 .rodata._ftoa.str1.4
                0x10007945       0x15 CMakeFiles/assign02.dir/Users/evachauffour/pico/pico-sdk/src/rp2_common/pico_printf/printf.c.obj
 *fill*         0x10007945        0x3 
 .rodata._vsnprintf
                0x10007948      0x19c CMakeFiles/assign02.dir/Users/evachauffour/pico/pico-sdk/src/rp2_common/pico_printf/printf.c.obj
 *fill*         0x10007ae4        0x4 
 .rodata.pow10.0
                0x10007ae8       0x50 CMakeFiles/assign02.dir/Users/evachauffour/pico/pico-sdk/src/rp2_common/pico_printf/printf.c.obj
 .rodata.__aeabi_double_init.str1.4
                0x10007b38       0xa3 CMakeFiles/assign02.dir/Users/evachauffour/pico/pico-sdk/src/rp2_common/pico_double/double_init_rom.c.obj
 .rodata.__func__.0
                0x10007b38       0x14 CMakeFiles/assign02.dir/Users/evachauffour/pico/pico-sdk/src/rp2_common/pico_double/double_init_rom.c.obj
 .rodata.__aeabi_float_init.str1.4
                0x10007b4c       0x85 CMakeFiles/assign02.dir/Users/evachauffour/pico/pico-sdk/src/rp2_common/pico_float/float_init_rom.c.obj
 .rodata.__func__.0
                0x10007b4c       0x13 CMakeFiles/assign02.dir/Users/evachauffour/pico/pico-sdk/src/rp2_common/pico_float/float_init_rom.c.obj
 .rodata.str1.4
                0x10007b5f       0x7c CMakeFiles/assign02.dir/Users/evachauffour/pico/pico-sdk/src/rp2_common/pico_standard_link/binary_info.c.obj
 *fill*         0x10007b5f        0x1 
 .rodata.__bi_81
                0x10007b60        0xc CMakeFiles/assign02.dir/Users/evachauffour/pico/pico-sdk/src/rp2_common/pico_standard_link/binary_info.c.obj
 .rodata.__bi_75
                0x10007b6c        0xc CMakeFiles/assign02.dir/Users/evachauffour/pico/pico-sdk/src/rp2_common/pico_standard_link/binary_info.c.obj
 .rodata.__bi_69
                0x10007b78        0xc CMakeFiles/assign02.dir/Users/evachauffour/pico/pico-sdk/src/rp2_common/pico_standard_link/binary_info.c.obj
 .rodata.__bi_44
                0x10007b84        0xc CMakeFiles/assign02.dir/Users/evachauffour/pico/pico-sdk/src/rp2_common/pico_standard_link/binary_info.c.obj
 .rodata.update_us_since_boot.str1.4
                0x10007b90       0x68 CMakeFiles/assign02.dir/Users/evachauffour/pico/pico-sdk/src/rp2_common/pico_stdio/stdio.c.obj
 .rodata.crlf_str.2
                0x10007b90        0x2 CMakeFiles/assign02.dir/Users/evachauffour/pico/pico-sdk/src/rp2_common/pico_stdio/stdio.c.obj
 *fill*         0x10007b92        0x2 
 .rodata.__func__.3
                0x10007b94       0x15 CMakeFiles/assign02.dir/Users/evachauffour/pico/pico-sdk/src/rp2_common/pico_stdio/stdio.c.obj
 .rodata.str1.4
                0x10007ba9       0x2c CMakeFiles/assign02.dir/Users/evachauffour/pico/pico-sdk/src/rp2_common/pico_stdio_uart/stdio_uart.c.obj
 *fill*         0x10007ba9        0x3 
 .rodata.__bi_33.4
                0x10007bac        0xc CMakeFiles/assign02.dir/Users/evachauffour/pico/pico-sdk/src/rp2_common/pico_stdio_uart/stdio_uart.c.obj
 .rodata.__bi_34.5
                0x10007bb8        0x8 CMakeFiles/assign02.dir/Users/evachauffour/pico/pico-sdk/src/rp2_common/pico_stdio_uart/stdio_uart.c.obj
 .rodata._pio_find_offset_for_program.str1.4
                0x10007bc0       0x70 CMakeFiles/assign02.dir/Users/evachauffour/pico/pico-sdk/src/rp2_common/hardware_pio/pio.c.obj
 .rodata._pio_add_program_at_offset.str1.4
                0x10007bc0       0x11 CMakeFiles/assign02.dir/Users/evachauffour/pico/pico-sdk/src/rp2_common/hardware_pio/pio.c.obj
 .rodata.__func__.1
                0x10007bc0       0x1d CMakeFiles/assign02.dir/Users/evachauffour/pico/pico-sdk/src/rp2_common/hardware_pio/pio.c.obj
                0x10007c30                        . = ALIGN (0x4)
 *fill*         0x10007bdd        0x3 
 *(SORT_BY_ALIGNMENT(SORT_BY_NAME(.flashdata*)))
                0x10007be0                        . = ALIGN (0x4)

.ARM.extab
 *(.ARM.extab* .gnu.linkonce.armextab.*)
                0x10007be0                        __exidx_start = .

.ARM.exidx
 *(.ARM.exidx* .gnu.linkonce.armexidx.*)
                0x10007be0                        __exidx_end = .
                0x10007be0                        . = ALIGN (0x4)
                0x10007be0                        __binary_info_start = .

.binary_info    0x10007be0       0x28
 *(.binary_info.keep.*)
 .binary_info.keep.__bi_ptr81
                0x10007be0        0x4 CMakeFiles/assign02.dir/Users/evachauffour/pico/pico-sdk/src/rp2_common/pico_standard_link/binary_info.c.obj
 .binary_info.keep.__bi_ptr75
                0x10007be4        0x4 CMakeFiles/assign02.dir/Users/evachauffour/pico/pico-sdk/src/rp2_common/pico_standard_link/binary_info.c.obj
 .binary_info.keep.__bi_ptr69
                0x10007be8        0x4 CMakeFiles/assign02.dir/Users/evachauffour/pico/pico-sdk/src/rp2_common/pico_standard_link/binary_info.c.obj
 .binary_info.keep.__bi_ptr50
                0x10007bec        0x4 CMakeFiles/assign02.dir/Users/evachauffour/pico/pico-sdk/src/rp2_common/pico_standard_link/binary_info.c.obj
 .binary_info.keep.__bi_ptr44
                0x10007bf0        0x4 CMakeFiles/assign02.dir/Users/evachauffour/pico/pico-sdk/src/rp2_common/pico_standard_link/binary_info.c.obj
 .binary_info.keep.__bi_ptr38
                0x10007bf4        0x4 CMakeFiles/assign02.dir/Users/evachauffour/pico/pico-sdk/src/rp2_common/pico_standard_link/binary_info.c.obj
 .binary_info.keep.__bi_ptr30
                0x10007bf8        0x4 CMakeFiles/assign02.dir/Users/evachauffour/pico/pico-sdk/src/rp2_common/pico_standard_link/binary_info.c.obj
 .binary_info.keep.__bi_ptr22
                0x10007bfc        0x4 CMakeFiles/assign02.dir/Users/evachauffour/pico/pico-sdk/src/rp2_common/pico_standard_link/binary_info.c.obj
 *(.binary_info.*)
 .binary_info.__bi_ptr34
                0x10007c00        0x4 CMakeFiles/assign02.dir/Users/evachauffour/pico/pico-sdk/src/rp2_common/pico_stdio_uart/stdio_uart.c.obj
 .binary_info.__bi_ptr33
                0x10007c04        0x4 CMakeFiles/assign02.dir/Users/evachauffour/pico/pico-sdk/src/rp2_common/pico_stdio_uart/stdio_uart.c.obj
                0x10007c08                        __binary_info_end = .

.rel.dyn        0x10007c08        0x0
 .rel.iplt      0x10007c08        0x0 /Applications/ArmGNUToolchain/13.2.Rel1/arm-none-eabi/bin/../lib/gcc/arm-none-eabi/13.2.1/thumb/v6-m/nofp/crtbegin.o
                0x10007c08                        . = ALIGN (0x4)

.ram_vector_table
                0x20000000       0xc0
 *(.ram_vector_table)
 .ram_vector_table
                0x20000000       0xc0 CMakeFiles/assign02.dir/Users/evachauffour/pico/pico-sdk/src/rp2_common/pico_runtime/runtime.c.obj
                0x20000000                ram_vector_table

.data           0x200000c0     0x192c load address 0x10007c08
                0x200000c0                        __data_start__ = .
 *(vtable)
 *(.time_critical*)
 .time_critical.mutex_try_enter
                0x200000c0       0x46 CMakeFiles/assign02.dir/Users/evachauffour/pico/pico-sdk/src/common/pico_sync/mutex.c.obj
                0x200000c0                mutex_try_enter
 *fill*         0x20000106        0x2 
 .time_critical.mutex_enter_block_until
                0x20000108       0x8c CMakeFiles/assign02.dir/Users/evachauffour/pico/pico-sdk/src/common/pico_sync/mutex.c.obj
                0x20000108                mutex_enter_block_until
 .time_critical.mutex_try_enter_block_until
                0x20000194       0x34 CMakeFiles/assign02.dir/Users/evachauffour/pico/pico-sdk/src/common/pico_sync/mutex.c.obj
                0x20000194                mutex_try_enter_block_until
 .time_critical.mutex_exit
                0x200001c8       0x4c CMakeFiles/assign02.dir/Users/evachauffour/pico/pico-sdk/src/common/pico_sync/mutex.c.obj
                0x200001c8                mutex_exit
 *(.text*)
 .text.modf     0x20000214       0xac /Applications/ArmGNUToolchain/13.2.Rel1/arm-none-eabi/bin/../lib/gcc/arm-none-eabi/13.2.1/../../../../arm-none-eabi/lib/thumb/v6-m/nofp/libm.a(libm_a-s_modf.o)
                0x20000214                modf
 .text.__fpclassifyd
                0x200002c0       0x64 /Applications/ArmGNUToolchain/13.2.Rel1/arm-none-eabi/bin/../lib/gcc/arm-none-eabi/13.2.1/../../../../arm-none-eabi/lib/thumb/v6-m/nofp/libm.a(libm_a-s_fpclassify.o)
                0x200002c0                __fpclassifyd
 .text          0x20000324        0x4 /Applications/ArmGNUToolchain/13.2.Rel1/arm-none-eabi/bin/../lib/gcc/arm-none-eabi/13.2.1/thumb/v6-m/nofp/libgcc.a(_dvmd_tls.o)
                0x20000324                __aeabi_ldiv0
                0x20000324                __aeabi_idiv0
 .text.__stub   0x20000328       0x40 linker stubs
                0x20000368                        . = ALIGN (0x4)
 *(.rodata*)
                0x20000368                        . = ALIGN (0x4)
 *(.data*)
 .data.WORDS_ALPHANUM
                0x20000368      0x9c4 CMakeFiles/assign02.dir/assign02.c.obj
                0x20000368                WORDS_ALPHANUM
 .data.WORDS_MORSE
                0x20000d2c      0x9c4 CMakeFiles/assign02.dir/assign02.c.obj
                0x20000d2c                WORDS_MORSE
 .data.LETTERS_ALPHANUM
                0x200016f0       0x24 CMakeFiles/assign02.dir/assign02.c.obj
                0x200016f0                LETTERS_ALPHANUM
 .data.LETTERS_MORSE
                0x20001714       0xd8 CMakeFiles/assign02.dir/assign02.c.obj
                0x20001714                LETTERS_MORSE
 .data.remaining_lives
                0x200017ec        0x4 CMakeFiles/assign02.dir/assign02.c.obj
                0x200017ec                remaining_lives
 .data          0x200017f0        0x4 CMakeFiles/assign02.dir/assign02.S.obj
 .data.striped_spin_lock_num
                0x200017f4        0x1 CMakeFiles/assign02.dir/Users/evachauffour/pico/pico-sdk/src/rp2_common/hardware_sync/sync.c.obj
 *fill*         0x200017f5        0x3 
 .data          0x200017f8       0x48 CMakeFiles/assign02.dir/Users/evachauffour/pico/pico-sdk/src/rp2_common/hardware_irq/irq_handler_chain.S.obj
                0x200017f8                irq_handler_chain_slots
                0x20001828                irq_handler_chain_first_slot
                0x20001832                irq_handler_chain_remove_tail
 .data.default_alarm_pool
                0x20001840       0x18 CMakeFiles/assign02.dir/Users/evachauffour/pico/pico-sdk/src/common/pico_time/time.c.obj
 .data.default_alarm_pool_heap
                0x20001858       0x10 CMakeFiles/assign02.dir/Users/evachauffour/pico/pico-sdk/src/common/pico_time/time.c.obj
 *fill*         0x20001868        0x8 
 .data.aeabi_bits_funcs
                0x20001870       0x10 CMakeFiles/assign02.dir/Users/evachauffour/pico/pico-sdk/src/rp2_common/pico_bit_ops/bit_ops_aeabi.S.obj
                0x20001870                aeabi_bits_funcs
                0x20001880                aeabi_bits_funcs_end
 .data.aeabi_mem_funcs
                0x20001880       0x10 CMakeFiles/assign02.dir/Users/evachauffour/pico/pico-sdk/src/rp2_common/pico_mem_ops/mem_ops_aeabi.S.obj
                0x20001880                aeabi_mem_funcs
                0x20001890                aeabi_mem_funcs_end
 .data.stdio_uart
                0x20001890       0x18 CMakeFiles/assign02.dir/Users/evachauffour/pico/pico-sdk/src/rp2_common/pico_stdio_uart/stdio_uart.c.obj
                0x20001890                stdio_uart
 .data._impure_ptr
                0x200018a8        0x4 /Applications/ArmGNUToolchain/13.2.Rel1/arm-none-eabi/bin/../lib/gcc/arm-none-eabi/13.2.1/../../../../arm-none-eabi/lib/thumb/v6-m/nofp/libg.a(libc_a-impure.o)
                0x200018a8                _impure_ptr
 *fill*         0x200018ac        0x4 
 .data._impure_data
                0x200018b0      0x120 /Applications/ArmGNUToolchain/13.2.Rel1/arm-none-eabi/bin/../lib/gcc/arm-none-eabi/13.2.1/../../../../arm-none-eabi/lib/thumb/v6-m/nofp/libg.a(libc_a-impure.o)
                0x200018b0                _impure_data
                0x200019d0                        . = ALIGN (0x4)
 *(.after_data.*)
                0x200019d0                        . = ALIGN (0x4)
                0x200019d0                        PROVIDE (__mutex_array_start = .)
 *(SORT_BY_NAME(.mutex_array.*))
 *(.mutex_array)
 .mutex_array   0x200019d0        0x8 CMakeFiles/assign02.dir/Users/evachauffour/pico/pico-sdk/src/rp2_common/pico_stdio/stdio.c.obj
                0x200019d8                        PROVIDE (__mutex_array_end = .)
                0x200019d8                        . = ALIGN (0x4)
                0x200019d8                        PROVIDE (__preinit_array_start = .)
 *(SORT_BY_NAME(.preinit_array.*))
 .preinit_array.00001
                0x200019d8        0x4 CMakeFiles/assign02.dir/Users/evachauffour/pico/pico-sdk/src/rp2_common/pico_mem_ops/mem_ops_aeabi.S.obj
 .preinit_array.00010
                0x200019dc        0x4 CMakeFiles/assign02.dir/Users/evachauffour/pico/pico-sdk/src/rp2_common/pico_bit_ops/bit_ops_aeabi.S.obj
 .preinit_array.00020
                0x200019e0        0x4 CMakeFiles/assign02.dir/Users/evachauffour/pico/pico-sdk/src/rp2_common/pico_double/double_aeabi.S.obj
 .preinit_array.00020
                0x200019e4        0x4 CMakeFiles/assign02.dir/Users/evachauffour/pico/pico-sdk/src/rp2_common/pico_float/float_aeabi.S.obj
 *(.preinit_array)
                0x200019e8                        PROVIDE (__preinit_array_end = .)
                0x200019e8                        . = ALIGN (0x4)
                0x200019e8                        PROVIDE (__init_array_start = .)
 *(SORT_BY_NAME(.init_array.*))
 *(.init_array)
 .init_array    0x200019e8        0x4 /Applications/ArmGNUToolchain/13.2.Rel1/arm-none-eabi/bin/../lib/gcc/arm-none-eabi/13.2.1/thumb/v6-m/nofp/crtbegin.o
                0x200019ec                        PROVIDE (__init_array_end = .)
                0x200019ec                        . = ALIGN (0x4)
                [!provide]                        PROVIDE (__fini_array_start = .)
 *(SORT_BY_NAME(.fini_array.*))
 *(.fini_array)
                [!provide]                        PROVIDE (__fini_array_end = .)
 *(.jcr)
                0x200019ec                        . = ALIGN (0x4)
                0x200019ec                        __data_end__ = .
                0x10007c08                        __etext = LOADADDR (.data)

.tm_clone_table
                0x200019ec        0x0 load address 0x10009534
 .tm_clone_table
                0x200019ec        0x0 /Applications/ArmGNUToolchain/13.2.Rel1/arm-none-eabi/bin/../lib/gcc/arm-none-eabi/13.2.1/thumb/v6-m/nofp/crtbegin.o
 .tm_clone_table
                0x200019ec        0x0 /Applications/ArmGNUToolchain/13.2.Rel1/arm-none-eabi/bin/../lib/gcc/arm-none-eabi/13.2.1/thumb/v6-m/nofp/crtend.o

.igot.plt       0x200019ec        0x0 load address 0x10009534
 .igot.plt      0x200019ec        0x0 /Applications/ArmGNUToolchain/13.2.Rel1/arm-none-eabi/bin/../lib/gcc/arm-none-eabi/13.2.1/thumb/v6-m/nofp/crtbegin.o

.uninitialized_data
                0x200019ec        0x0 load address 0x10009534
                0x200019ec                        . = ALIGN (0x4)
 *(.uninitialized_data*)

.scratch_x      0x20040000        0x0 load address 0x10009534
                0x20040000                        __scratch_x_start__ = .
 *(.scratch_x.*)
                0x20040000                        . = ALIGN (0x4)
                0x20040000                        __scratch_x_end__ = .
                0x10009534                        __scratch_x_source__ = LOADADDR (.scratch_x)

.scratch_y      0x20041000        0x0 load address 0x10009534
                0x20041000                        __scratch_y_start__ = .
 *(.scratch_y.*)
                0x20041000                        . = ALIGN (0x4)
                0x20041000                        __scratch_y_end__ = .
                0x10009534                        __scratch_y_source__ = LOADADDR (.scratch_y)

.bss            0x200019f0      0x614
                0x200019f0                        . = ALIGN (0x4)
                0x200019f0                        __bss_start__ = .
 *(SORT_BY_ALIGNMENT(SORT_BY_NAME(.bss*)))
 .bss.default_alarm_pool_entries
                0x200019f0      0x100 CMakeFiles/assign02.dir/Users/evachauffour/pico/pico-sdk/src/common/pico_time/time.c.obj
 .bss.__sf      0x20001af0      0x138 /Applications/ArmGNUToolchain/13.2.Rel1/arm-none-eabi/bin/../lib/gcc/arm-none-eabi/13.2.1/../../../../arm-none-eabi/lib/thumb/v6-m/nofp/libg.a(libc_a-findfp.o)
                0x20001af0                __sf
 .bss._used_instruction_space
                0x20001c28        0x8 CMakeFiles/assign02.dir/Users/evachauffour/pico/pico-sdk/src/rp2_common/hardware_pio/pio.c.obj
 .bss.alarm_callbacks
                0x20001c30       0x10 CMakeFiles/assign02.dir/Users/evachauffour/pico/pico-sdk/src/rp2_common/hardware_timer/timer.c.obj
 .bss.char_index
                0x20001c40        0x4 CMakeFiles/assign02.dir/assign02.c.obj
                0x20001c40                char_index
 .bss.chars_available_callback
                0x20001c44        0x4 CMakeFiles/assign02.dir/Users/evachauffour/pico/pico-sdk/src/rp2_common/pico_stdio_uart/stdio_uart.c.obj
 .bss.chars_available_param
                0x20001c48        0x4 CMakeFiles/assign02.dir/Users/evachauffour/pico/pico-sdk/src/rp2_common/pico_stdio_uart/stdio_uart.c.obj
 .bss.configured_freq
                0x20001c4c       0x28 CMakeFiles/assign02.dir/Users/evachauffour/pico/pico-sdk/src/rp2_common/hardware_clocks/clocks.c.obj
 .bss.correct_count
                0x20001c74        0x4 CMakeFiles/assign02.dir/assign02.c.obj
                0x20001c74                correct_count
 .bss.default_alarm_pool_entry_ids_high
                0x20001c78       0x10 CMakeFiles/assign02.dir/Users/evachauffour/pico/pico-sdk/src/common/pico_time/time.c.obj
 .bss.default_alarm_pool_heap_nodes
                0x20001c88       0x30 CMakeFiles/assign02.dir/Users/evachauffour/pico/pico-sdk/src/common/pico_time/time.c.obj
 .bss.drivers   0x20001cb8        0x4 CMakeFiles/assign02.dir/Users/evachauffour/pico/pico-sdk/src/rp2_common/pico_stdio/stdio.c.obj
 .bss.filter    0x20001cbc        0x4 CMakeFiles/assign02.dir/Users/evachauffour/pico/pico-sdk/src/rp2_common/pico_stdio/stdio.c.obj
 .bss.game_started
                0x20001cc0        0x4 CMakeFiles/assign02.dir/assign02.c.obj
                0x20001cc0                game_started
 .bss.input_buffer
                0x20001cc4       0x14 CMakeFiles/assign02.dir/assign02.c.obj
                0x20001cc4                input_buffer
 .bss.level     0x20001cd8        0x4 CMakeFiles/assign02.dir/assign02.c.obj
                0x20001cd8                level
 .bss.load_value
                0x20001cdc        0x4 CMakeFiles/assign02.dir/Users/evachauffour/pico/pico-sdk/src/rp2_common/hardware_watchdog/watchdog.c.obj
 .bss.object.0  0x20001ce0       0x18 /Applications/ArmGNUToolchain/13.2.Rel1/arm-none-eabi/bin/../lib/gcc/arm-none-eabi/13.2.1/thumb/v6-m/nofp/crtbegin.o
 .bss.pools     0x20001cf8       0x10 CMakeFiles/assign02.dir/Users/evachauffour/pico/pico-sdk/src/common/pico_time/time.c.obj
 .bss.rand_index
                0x20001d08        0x4 CMakeFiles/assign02.dir/assign02.c.obj
                0x20001d08                rand_index
 .bss.sd_table  0x20001d0c      0x100 CMakeFiles/assign02.dir/Users/evachauffour/pico/pico-sdk/src/rp2_common/pico_double/double_init_rom.c.obj
                0x20001d0c                sd_table
 .bss.seq_index
                0x20001e0c        0x4 CMakeFiles/assign02.dir/assign02.c.obj
                0x20001e0c                seq_index
 .bss.sequence  0x20001e10       0xc8 CMakeFiles/assign02.dir/assign02.c.obj
                0x20001e10                sequence
 .bss.sf_clz_func
                0x20001ed8        0x4 CMakeFiles/assign02.dir/Users/evachauffour/pico/pico-sdk/src/rp2_common/pico_double/double_init_rom.c.obj
                0x20001ed8                sf_clz_func
 .bss.sf_table  0x20001edc      0x100 CMakeFiles/assign02.dir/Users/evachauffour/pico/pico-sdk/src/rp2_common/pico_float/float_init_rom.c.obj
                0x20001edc                sf_table
 .bss.sleep_notifier
                0x20001fdc        0x4 CMakeFiles/assign02.dir/Users/evachauffour/pico/pico-sdk/src/common/pico_time/time.c.obj
 .bss.target_hi
                0x20001fe0       0x10 CMakeFiles/assign02.dir/Users/evachauffour/pico/pico-sdk/src/rp2_common/hardware_timer/timer.c.obj
 .bss.total_correct
                0x20001ff0        0x4 CMakeFiles/assign02.dir/assign02.c.obj
                0x20001ff0                total_correct
 .bss.total_incorrect
                0x20001ff4        0x4 CMakeFiles/assign02.dir/assign02.c.obj
                0x20001ff4                total_incorrect
 .bss.uart_char_to_line_feed
                0x20001ff8        0x4 CMakeFiles/assign02.dir/Users/evachauffour/pico/pico-sdk/src/rp2_common/hardware_uart/uart.c.obj
                0x20001ff8                uart_char_to_line_feed
 .bss.uart_instance
                0x20001ffc        0x4 CMakeFiles/assign02.dir/Users/evachauffour/pico/pico-sdk/src/rp2_common/pico_stdio_uart/stdio_uart.c.obj
 .bss.claimed   0x20002000        0x1 CMakeFiles/assign02.dir/Users/evachauffour/pico/pico-sdk/src/rp2_common/hardware_timer/timer.c.obj
 .bss.irq_hander_chain_free_slot_head
                0x20002001        0x1 CMakeFiles/assign02.dir/Users/evachauffour/pico/pico-sdk/src/rp2_common/hardware_irq/irq.c.obj
 .bss.timer_callbacks_pending
                0x20002002        0x1 CMakeFiles/assign02.dir/Users/evachauffour/pico/pico-sdk/src/rp2_common/hardware_timer/timer.c.obj
 *(COMMON)
                0x20002004                        . = ALIGN (0x4)
 *fill*         0x20002003        0x1 
                0x20002004                        __bss_end__ = .

.heap           0x20002004      0x800
                0x20002004                        __end__ = .
                0x20002004                        end = __end__
 *(.heap*)
 .heap          0x20002004      0x800 CMakeFiles/assign02.dir/Users/evachauffour/pico/pico-sdk/src/rp2_common/pico_standard_link/crt0.S.obj
                0x20002804                        __HeapLimit = .

.stack1_dummy
 *(.stack1*)

.stack_dummy    0x20041000      0x800
 *(.stack*)
 .stack         0x20041000      0x800 CMakeFiles/assign02.dir/Users/evachauffour/pico/pico-sdk/src/rp2_common/pico_standard_link/crt0.S.obj

.flash_end      0x10009534        0x0
                0x10009534                        PROVIDE (__flash_binary_end = .)
                0x20040000                        __StackLimit = (ORIGIN (RAM) + LENGTH (RAM))
                0x20041000                        __StackOneTop = (ORIGIN (SCRATCH_X) + LENGTH (SCRATCH_X))
                0x20042000                        __StackTop = (ORIGIN (SCRATCH_Y) + LENGTH (SCRATCH_Y))
                0x20041000                        __StackOneBottom = (__StackOneTop - SIZEOF (.stack1_dummy))
                0x20041800                        __StackBottom = (__StackTop - SIZEOF (.stack_dummy))
                0x20042000                        PROVIDE (__stack = __StackTop)
                0x00000001                        ASSERT ((__StackLimit >= __HeapLimit), region RAM overflowed)
                0x00000001                        ASSERT (((__binary_info_header_end - __logical_binary_start) <= 0x100), Binary info must be in first 256 bytes of the binary)
LOAD CMakeFiles/assign02.dir/assign02.c.obj
LOAD CMakeFiles/assign02.dir/assign02.S.obj
LOAD CMakeFiles/assign02.dir/Users/evachauffour/pico/pico-sdk/src/rp2_common/pico_stdlib/stdlib.c.obj
LOAD CMakeFiles/assign02.dir/Users/evachauffour/pico/pico-sdk/src/rp2_common/hardware_gpio/gpio.c.obj
LOAD CMakeFiles/assign02.dir/Users/evachauffour/pico/pico-sdk/src/rp2_common/pico_platform/platform.c.obj
LOAD CMakeFiles/assign02.dir/Users/evachauffour/pico/pico-sdk/src/rp2_common/hardware_claim/claim.c.obj
LOAD CMakeFiles/assign02.dir/Users/evachauffour/pico/pico-sdk/src/rp2_common/hardware_sync/sync.c.obj
LOAD CMakeFiles/assign02.dir/Users/evachauffour/pico/pico-sdk/src/rp2_common/hardware_irq/irq.c.obj
LOAD CMakeFiles/assign02.dir/Users/evachauffour/pico/pico-sdk/src/rp2_common/hardware_irq/irq_handler_chain.S.obj
LOAD CMakeFiles/assign02.dir/Users/evachauffour/pico/pico-sdk/src/common/pico_sync/sem.c.obj
LOAD CMakeFiles/assign02.dir/Users/evachauffour/pico/pico-sdk/src/common/pico_sync/lock_core.c.obj
LOAD CMakeFiles/assign02.dir/Users/evachauffour/pico/pico-sdk/src/common/pico_sync/mutex.c.obj
LOAD CMakeFiles/assign02.dir/Users/evachauffour/pico/pico-sdk/src/common/pico_sync/critical_section.c.obj
LOAD CMakeFiles/assign02.dir/Users/evachauffour/pico/pico-sdk/src/common/pico_time/time.c.obj
LOAD CMakeFiles/assign02.dir/Users/evachauffour/pico/pico-sdk/src/common/pico_time/timeout_helper.c.obj
LOAD CMakeFiles/assign02.dir/Users/evachauffour/pico/pico-sdk/src/rp2_common/hardware_timer/timer.c.obj
LOAD CMakeFiles/assign02.dir/Users/evachauffour/pico/pico-sdk/src/common/pico_util/datetime.c.obj
LOAD CMakeFiles/assign02.dir/Users/evachauffour/pico/pico-sdk/src/common/pico_util/pheap.c.obj
LOAD CMakeFiles/assign02.dir/Users/evachauffour/pico/pico-sdk/src/common/pico_util/queue.c.obj
LOAD CMakeFiles/assign02.dir/Users/evachauffour/pico/pico-sdk/src/rp2_common/hardware_uart/uart.c.obj
LOAD CMakeFiles/assign02.dir/Users/evachauffour/pico/pico-sdk/src/rp2_common/hardware_clocks/clocks.c.obj
LOAD CMakeFiles/assign02.dir/Users/evachauffour/pico/pico-sdk/src/rp2_common/hardware_pll/pll.c.obj
LOAD CMakeFiles/assign02.dir/Users/evachauffour/pico/pico-sdk/src/rp2_common/hardware_vreg/vreg.c.obj
LOAD CMakeFiles/assign02.dir/Users/evachauffour/pico/pico-sdk/src/rp2_common/hardware_watchdog/watchdog.c.obj
LOAD CMakeFiles/assign02.dir/Users/evachauffour/pico/pico-sdk/src/rp2_common/hardware_xosc/xosc.c.obj
LOAD CMakeFiles/assign02.dir/Users/evachauffour/pico/pico-sdk/src/rp2_common/hardware_divider/divider.S.obj
LOAD CMakeFiles/assign02.dir/Users/evachauffour/pico/pico-sdk/src/rp2_common/pico_runtime/runtime.c.obj
LOAD CMakeFiles/assign02.dir/Users/evachauffour/pico/pico-sdk/src/rp2_common/pico_printf/printf.c.obj
LOAD CMakeFiles/assign02.dir/Users/evachauffour/pico/pico-sdk/src/rp2_common/pico_bit_ops/bit_ops_aeabi.S.obj
LOAD CMakeFiles/assign02.dir/Users/evachauffour/pico/pico-sdk/src/rp2_common/pico_bootrom/bootrom.c.obj
LOAD CMakeFiles/assign02.dir/Users/evachauffour/pico/pico-sdk/src/rp2_common/pico_divider/divider.S.obj
LOAD CMakeFiles/assign02.dir/Users/evachauffour/pico/pico-sdk/src/rp2_common/pico_double/double_aeabi.S.obj
LOAD CMakeFiles/assign02.dir/Users/evachauffour/pico/pico-sdk/src/rp2_common/pico_double/double_init_rom.c.obj
LOAD CMakeFiles/assign02.dir/Users/evachauffour/pico/pico-sdk/src/rp2_common/pico_double/double_math.c.obj
LOAD CMakeFiles/assign02.dir/Users/evachauffour/pico/pico-sdk/src/rp2_common/pico_double/double_v1_rom_shim.S.obj
LOAD CMakeFiles/assign02.dir/Users/evachauffour/pico/pico-sdk/src/rp2_common/pico_int64_ops/pico_int64_ops_aeabi.S.obj
LOAD CMakeFiles/assign02.dir/Users/evachauffour/pico/pico-sdk/src/rp2_common/pico_float/float_aeabi.S.obj
LOAD CMakeFiles/assign02.dir/Users/evachauffour/pico/pico-sdk/src/rp2_common/pico_float/float_init_rom.c.obj
LOAD CMakeFiles/assign02.dir/Users/evachauffour/pico/pico-sdk/src/rp2_common/pico_float/float_math.c.obj
LOAD CMakeFiles/assign02.dir/Users/evachauffour/pico/pico-sdk/src/rp2_common/pico_float/float_v1_rom_shim.S.obj
LOAD CMakeFiles/assign02.dir/Users/evachauffour/pico/pico-sdk/src/rp2_common/pico_malloc/pico_malloc.c.obj
LOAD CMakeFiles/assign02.dir/Users/evachauffour/pico/pico-sdk/src/rp2_common/pico_mem_ops/mem_ops_aeabi.S.obj
LOAD CMakeFiles/assign02.dir/Users/evachauffour/pico/pico-sdk/src/rp2_common/pico_standard_link/crt0.S.obj
LOAD CMakeFiles/assign02.dir/Users/evachauffour/pico/pico-sdk/src/rp2_common/pico_standard_link/new_delete.cpp.obj
LOAD CMakeFiles/assign02.dir/Users/evachauffour/pico/pico-sdk/src/rp2_common/pico_standard_link/binary_info.c.obj
LOAD CMakeFiles/assign02.dir/Users/evachauffour/pico/pico-sdk/src/rp2_common/pico_stdio/stdio.c.obj
LOAD CMakeFiles/assign02.dir/Users/evachauffour/pico/pico-sdk/src/rp2_common/pico_stdio_uart/stdio_uart.c.obj
LOAD CMakeFiles/assign02.dir/Users/evachauffour/pico/pico-sdk/src/rp2_common/hardware_pio/pio.c.obj
LOAD /var/folders/d7/mtlh5brj54b9yxfl5d_5yg100000gn/T//ccaC3Cjz.o
LOAD /Applications/ArmGNUToolchain/13.2.Rel1/arm-none-eabi/bin/../lib/gcc/arm-none-eabi/13.2.1/../../../../arm-none-eabi/lib/thumb/v6-m/nofp/libstdc++.a
LOAD /Applications/ArmGNUToolchain/13.2.Rel1/arm-none-eabi/bin/../lib/gcc/arm-none-eabi/13.2.1/../../../../arm-none-eabi/lib/thumb/v6-m/nofp/libm.a
START GROUP
LOAD /Applications/ArmGNUToolchain/13.2.Rel1/arm-none-eabi/bin/../lib/gcc/arm-none-eabi/13.2.1/thumb/v6-m/nofp/libgcc.a
LOAD /Applications/ArmGNUToolchain/13.2.Rel1/arm-none-eabi/bin/../lib/gcc/arm-none-eabi/13.2.1/../../../../arm-none-eabi/lib/thumb/v6-m/nofp/libg.a
LOAD /Applications/ArmGNUToolchain/13.2.Rel1/arm-none-eabi/bin/../lib/gcc/arm-none-eabi/13.2.1/../../../../arm-none-eabi/lib/thumb/v6-m/nofp/libc.a
END GROUP
START GROUP
LOAD /Applications/ArmGNUToolchain/13.2.Rel1/arm-none-eabi/bin/../lib/gcc/arm-none-eabi/13.2.1/thumb/v6-m/nofp/libgcc.a
LOAD /Applications/ArmGNUToolchain/13.2.Rel1/arm-none-eabi/bin/../lib/gcc/arm-none-eabi/13.2.1/../../../../arm-none-eabi/lib/thumb/v6-m/nofp/libc.a
LOAD /Applications/ArmGNUToolchain/13.2.Rel1/arm-none-eabi/bin/../lib/gcc/arm-none-eabi/13.2.1/../../../../arm-none-eabi/lib/thumb/v6-m/nofp/libnosys.a
END GROUP
LOAD /Applications/ArmGNUToolchain/13.2.Rel1/arm-none-eabi/bin/../lib/gcc/arm-none-eabi/13.2.1/thumb/v6-m/nofp/crtend.o
LOAD /Applications/ArmGNUToolchain/13.2.Rel1/arm-none-eabi/bin/../lib/gcc/arm-none-eabi/13.2.1/thumb/v6-m/nofp/crtn.o
OUTPUT(assign02.elf elf32-littlearm)
LOAD linker stubs

.ARM.attributes
                0x00000000       0x28
 .ARM.attributes
                0x00000000       0x1e /Applications/ArmGNUToolchain/13.2.Rel1/arm-none-eabi/bin/../lib/gcc/arm-none-eabi/13.2.1/thumb/v6-m/nofp/crti.o
 .ARM.attributes
                0x0000001e       0x2c /Applications/ArmGNUToolchain/13.2.Rel1/arm-none-eabi/bin/../lib/gcc/arm-none-eabi/13.2.1/thumb/v6-m/nofp/crtbegin.o
 .ARM.attributes
                0x0000004a       0x2c CMakeFiles/assign02.dir/assign02.c.obj
 .ARM.attributes
                0x00000076       0x22 CMakeFiles/assign02.dir/assign02.S.obj
 .ARM.attributes
                0x00000098       0x2c CMakeFiles/assign02.dir/Users/evachauffour/pico/pico-sdk/src/rp2_common/hardware_gpio/gpio.c.obj
 .ARM.attributes
                0x000000c4       0x2c CMakeFiles/assign02.dir/Users/evachauffour/pico/pico-sdk/src/rp2_common/pico_platform/platform.c.obj
 .ARM.attributes
                0x000000f0       0x2c CMakeFiles/assign02.dir/Users/evachauffour/pico/pico-sdk/src/rp2_common/hardware_claim/claim.c.obj
 .ARM.attributes
                0x0000011c       0x2c CMakeFiles/assign02.dir/Users/evachauffour/pico/pico-sdk/src/rp2_common/hardware_sync/sync.c.obj
 .ARM.attributes
                0x00000148       0x2c CMakeFiles/assign02.dir/Users/evachauffour/pico/pico-sdk/src/rp2_common/hardware_irq/irq.c.obj
 .ARM.attributes
                0x00000174       0x22 CMakeFiles/assign02.dir/Users/evachauffour/pico/pico-sdk/src/rp2_common/hardware_irq/irq_handler_chain.S.obj
 .ARM.attributes
                0x00000196       0x2c CMakeFiles/assign02.dir/Users/evachauffour/pico/pico-sdk/src/common/pico_sync/lock_core.c.obj
 .ARM.attributes
                0x000001c2       0x2c CMakeFiles/assign02.dir/Users/evachauffour/pico/pico-sdk/src/common/pico_sync/mutex.c.obj
 .ARM.attributes
                0x000001ee       0x2c CMakeFiles/assign02.dir/Users/evachauffour/pico/pico-sdk/src/common/pico_time/time.c.obj
 .ARM.attributes
                0x0000021a       0x2c CMakeFiles/assign02.dir/Users/evachauffour/pico/pico-sdk/src/rp2_common/hardware_timer/timer.c.obj
 .ARM.attributes
                0x00000246       0x2c CMakeFiles/assign02.dir/Users/evachauffour/pico/pico-sdk/src/common/pico_util/pheap.c.obj
 .ARM.attributes
                0x00000272       0x2c CMakeFiles/assign02.dir/Users/evachauffour/pico/pico-sdk/src/rp2_common/hardware_uart/uart.c.obj
 .ARM.attributes
                0x0000029e       0x2c CMakeFiles/assign02.dir/Users/evachauffour/pico/pico-sdk/src/rp2_common/hardware_clocks/clocks.c.obj
 .ARM.attributes
                0x000002ca       0x2c CMakeFiles/assign02.dir/Users/evachauffour/pico/pico-sdk/src/rp2_common/hardware_pll/pll.c.obj
 .ARM.attributes
                0x000002f6       0x2c CMakeFiles/assign02.dir/Users/evachauffour/pico/pico-sdk/src/rp2_common/hardware_watchdog/watchdog.c.obj
 .ARM.attributes
                0x00000322       0x2c CMakeFiles/assign02.dir/Users/evachauffour/pico/pico-sdk/src/rp2_common/hardware_xosc/xosc.c.obj
 .ARM.attributes
                0x0000034e       0x2c CMakeFiles/assign02.dir/Users/evachauffour/pico/pico-sdk/src/rp2_common/pico_runtime/runtime.c.obj
 .ARM.attributes
                0x0000037a       0x2c CMakeFiles/assign02.dir/Users/evachauffour/pico/pico-sdk/src/rp2_common/pico_printf/printf.c.obj
 .ARM.attributes
                0x000003a6       0x22 CMakeFiles/assign02.dir/Users/evachauffour/pico/pico-sdk/src/rp2_common/pico_bit_ops/bit_ops_aeabi.S.obj
 .ARM.attributes
                0x000003c8       0x2c CMakeFiles/assign02.dir/Users/evachauffour/pico/pico-sdk/src/rp2_common/pico_bootrom/bootrom.c.obj
 .ARM.attributes
                0x000003f4       0x22 CMakeFiles/assign02.dir/Users/evachauffour/pico/pico-sdk/src/rp2_common/pico_divider/divider.S.obj
 .ARM.attributes
                0x00000416       0x22 CMakeFiles/assign02.dir/Users/evachauffour/pico/pico-sdk/src/rp2_common/pico_double/double_aeabi.S.obj
 .ARM.attributes
                0x00000438       0x2c CMakeFiles/assign02.dir/Users/evachauffour/pico/pico-sdk/src/rp2_common/pico_double/double_init_rom.c.obj
 .ARM.attributes
                0x00000464       0x22 CMakeFiles/assign02.dir/Users/evachauffour/pico/pico-sdk/src/rp2_common/pico_double/double_v1_rom_shim.S.obj
 .ARM.attributes
                0x00000486       0x22 CMakeFiles/assign02.dir/Users/evachauffour/pico/pico-sdk/src/rp2_common/pico_int64_ops/pico_int64_ops_aeabi.S.obj
 .ARM.attributes
                0x000004a8       0x22 CMakeFiles/assign02.dir/Users/evachauffour/pico/pico-sdk/src/rp2_common/pico_float/float_aeabi.S.obj
 .ARM.attributes
                0x000004ca       0x2c CMakeFiles/assign02.dir/Users/evachauffour/pico/pico-sdk/src/rp2_common/pico_float/float_init_rom.c.obj
 .ARM.attributes
                0x000004f6       0x22 CMakeFiles/assign02.dir/Users/evachauffour/pico/pico-sdk/src/rp2_common/pico_float/float_v1_rom_shim.S.obj
 .ARM.attributes
                0x00000518       0x22 CMakeFiles/assign02.dir/Users/evachauffour/pico/pico-sdk/src/rp2_common/pico_mem_ops/mem_ops_aeabi.S.obj
 .ARM.attributes
                0x0000053a       0x22 CMakeFiles/assign02.dir/Users/evachauffour/pico/pico-sdk/src/rp2_common/pico_standard_link/crt0.S.obj
 .ARM.attributes
                0x0000055c       0x2c CMakeFiles/assign02.dir/Users/evachauffour/pico/pico-sdk/src/rp2_common/pico_standard_link/binary_info.c.obj
 .ARM.attributes
                0x00000588       0x2c CMakeFiles/assign02.dir/Users/evachauffour/pico/pico-sdk/src/rp2_common/pico_stdio/stdio.c.obj
 .ARM.attributes
                0x000005b4       0x2c CMakeFiles/assign02.dir/Users/evachauffour/pico/pico-sdk/src/rp2_common/pico_stdio_uart/stdio_uart.c.obj
 .ARM.attributes
                0x000005e0       0x2c CMakeFiles/assign02.dir/Users/evachauffour/pico/pico-sdk/src/rp2_common/hardware_pio/pio.c.obj
 .ARM.attributes
                0x0000060c       0x22 /var/folders/d7/mtlh5brj54b9yxfl5d_5yg100000gn/T//ccaC3Cjz.o
 .ARM.attributes
                0x0000062e       0x2c /Applications/ArmGNUToolchain/13.2.Rel1/arm-none-eabi/bin/../lib/gcc/arm-none-eabi/13.2.1/../../../../arm-none-eabi/lib/thumb/v6-m/nofp/libm.a(libm_a-s_modf.o)
 .ARM.attributes
                0x0000065a       0x2c /Applications/ArmGNUToolchain/13.2.Rel1/arm-none-eabi/bin/../lib/gcc/arm-none-eabi/13.2.1/../../../../arm-none-eabi/lib/thumb/v6-m/nofp/libm.a(libm_a-s_fpclassify.o)
 .ARM.attributes
                0x00000686       0x1e /Applications/ArmGNUToolchain/13.2.Rel1/arm-none-eabi/bin/../lib/gcc/arm-none-eabi/13.2.1/thumb/v6-m/nofp/libgcc.a(_dvmd_tls.o)
 .ARM.attributes
                0x000006a4       0x2c /Applications/ArmGNUToolchain/13.2.Rel1/arm-none-eabi/bin/../lib/gcc/arm-none-eabi/13.2.1/../../../../arm-none-eabi/lib/thumb/v6-m/nofp/libg.a(libc_a-rand.o)
 .ARM.attributes